# TM102 live session port=/dev/cu.usbserial-0001 started=20260826-155527
--- radio registers ---
  CONFIG   0x77   CRC off (good), PWR_UP yes, PRIM_RX yes
  EN_AA    0x00   auto-ack disabled (good)
  SETUP_AW 0x00   address width 2 bytes — promiscuous mode (good)
  RF_CH    0x32   2450 MHz
  RF_SETUP 0x01   rate 1 Mbps (good)
  bait address: 00 00
-----------------------

============================================================
  SELF-TEST: PASS
  The radio is configured and listening correctly.

  Channel is already known: RF_CH 50 (2450 MHz).
  Address is known: 18 18 18 18 3A, CRC off.

  DO THIS NEXT:  type  n  — addressed capture.
  Or just run  python3 tools/live.py  which does it for you.

  ('f' re-hunts the channel, only if F4 changes.
   'k' and 'd' are the older promiscuous path.)
============================================================
locked RF_CH 50 (2450 MHz)

Addressed capture: 5-byte address 18 18 18 18 3A, CRC off.
Every line below matched all 40 address bits in hardware.
Byte 0 is payload p0. Press x to stop.

[CH: 50] LEN: 12 | HEX: F2 76 FE ED 60 79 9C F7 6C 2F AF FF | T:7571 RPD:1
[CH: 50] LEN: 12 | HEX: FA 76 FE EC 61 79 9C FF 70 CA AF FF | T:7601 RPD:1
[CH: 50] LEN: 12 | HEX: FA 76 EA EB 66 79 9C FF 46 33 AF FF | T:7631 RPD:1
[CH: 50] LEN: 12 | HEX: FA 76 EA EA 67 79 9C FF DA D6 BF B7 | T:7661 RPD:1
[CH: 50] LEN: 12 | HEX: F2 76 FE E9 64 79 9C FF 4F D8 AD EE | T:7691 RPD:1
[CH: 50] LEN: 12 | HEX: EA 76 F6 E8 65 79 9C F7 33 3D BF FD | T:7721 RPD:1
[CH: 50] LEN: 12 | HEX: F2 76 FE E6 6B 79 9C FF 5E CF 2F FB | T:7781 RPD:1
[CH: 50] LEN: 12 | HEX: FA 76 FE E5 68 79 9C FF 2B A1 AF DF | T:7811 RPD:1
[CH: 50] LEN: 12 | HEX: F2 76 FA E4 69 79 9C FF 77 24 BE FF | T:7841 RPD:1
[CH: 50] LEN: 12 | HEX: FA 76 FE E3 6E 79 9C FF 41 DD AF FE | T:7871 RPD:1
[CH: 50] LEN: 12 | HEX: FA 76 FE E2 6F 79 9C FE 1D 38 BF 7F | T:7901 RPD:1
[CH: 50] LEN: 12 | HEX: F2 76 F4 E1 6C 79 9C FF 68 36 AF FD | T:7931 RPD:1
[CH: 50] LEN: 12 | HEX: F2 76 F6 E0 6D 79 9C EF 74 D3 BF FD | T:7961 RPD:1
[CH: 50] LEN: 12 | HEX: F2 76 FE DF 52 79 9C FF 25 C3 EB F7 | T:7991 RPD:1
[CH: 50] LEN: 12 | HEX: EE 76 FA FE 73 79 9C FE 86 DC BF FF | T:8021 RPD:1
[CH: 50] LEN: 12 | HEX: F2 76 FE FD 70 71 9E FF 73 D2 AF DD | T:8025 RPD:1
[CH: 50] LEN: 12 | HEX: F2 76 FA FC 71 79 9C EF 6F 37 BB FA | T:8028 RPD:1
[CH: 50] LEN: 12 | HEX: FA 76 EE F3 76 71 9C EF 59 CE AF D5 | T:8039 RPD:1
[CH: 50] LEN: 12 | HEX: FA 76 FE F2 77 79 9C FF 05 2B BF F7 | T:8039 RPD:0
[CH: 50] LEN: 12 | HEX: F2 76 FE F1 74 71 9C FF 70 25 AF FB | T:8050 RPD:1
[CH: 50] LEN: 12 | HEX: FA 76 F4 F0 75 79 9C FF 2C C0 BF FF | T:8051 RPD:0
[CH: 50] LEN: 12 | HEX: FA 76 FE F7 7A 79 9C FF 9D D7 BE FB | T:8062 RPD:0
[CH: 50] LEN: 12 | HEX: FA 76 FE F5 70 79 9C FF 34 3C BF F5 | T:8080 RPD:1
[CH: 50] LEN: 12 | HEX: F6 76 F6 F4 79 79 9C EF 68 D9 AF FD | T:8110 RPD:1
[CH: 50] LEN: 12 | HEX: FA 76 FE F3 7D 79 9C FF 5E 20 BF EF | T:8140 RPD:1
[CH: 50] LEN: 12 | HEX: F2 76 FE F2 7B 79 9C FE 82 C5 BF FF | T:8170 RPD:1
[CH: 50] LEN: 12 | HEX: F2 76 FE F1 74 71 9C F7 77 CB BF ED | T:8200 RPD:1
[CH: 50] LEN: 12 | HEX: FA 76 FE F0 7F 79 9C F7 AB 2E BB 7F | T:8230 RPD:1
[CH: 50] LEN: 12 | HEX: F2 76 FE EF 62 79 9C FF 05 C4 BF 76 | T:8260 RPD:1
[CH: 50] LEN: 12 | HEX: F6 76 FE EE 63 79 9C F7 59 21 BF FF | T:8290 RPD:1
[CH: 50] LEN: 12 | HEX: FA 76 FE ED 60 71 9C FF 6C 2F BF FE | T:8320 RPD:1
[CH: 50] LEN: 12 | HEX: F6 76 FE EC 61 79 9C FF 70 CA AA 9F | T:8350 RPD:1
[CH: 50] LEN: 12 | HEX: FA 76 FE EB 66 79 9C FB 46 33 BB FF | T:8380 RPD:1
[CH: 50] LEN: 12 | HEX: F2 76 FE EA 67 79 9C FF 5A D6 AF F3 | T:8410 RPD:1
[CH: 50] LEN: 12 | HEX: F2 76 FE E9 64 71 9C EE AF B8 BB 5F | T:8440 RPD:1
[CH: 50] LEN: 12 | HEX: FA 76 FE E8 65 71 9C F7 33 3D AE FF | T:8470 RPD:1
[CH: 50] LEN: 12 | HEX: F6 76 FE E7 6A 71 9C FF 42 2A BF 54 | T:8500 RPD:1
[CH: 50] LEN: 12 | HEX: FA 76 F6 E6 6B 79 9C FF 5E CF 7F FD | T:8530 RPD:1
[CH: 50] LEN: 12 | HEX: FA 76 F6 E5 68 71 9C EA 2B C1 AC BB | T:8560 RPD:1
[CH: 50] LEN: 12 | HEX: FA 76 FE E4 69 79 9C FB F7 24 AF BD | T:8590 RPD:1
[CH: 50] LEN: 12 | HEX: F6 76 FE E3 6E 71 9E F7 C1 DD BF ED | T:8620 RPD:1
[CH: 50] LEN: 12 | HEX: F2 76 F4 E2 6F 7D 9C F5 1D 38 BF EA | T:8650 RPD:1
[CH: 50] LEN: 12 | HEX: F2 76 F6 E1 6C 79 9C F7 68 36 BB FF | T:8680 RPD:1
[CH: 50] LEN: 12 | HEX: F2 76 F6 E0 6D 79 9C FF B4 D3 AF EB | T:8710 RPD:1
[CH: 50] LEN: 12 | HEX: FA 76 FA DF 52 79 9C F7 25 C3 FF FF | T:8740 RPD:1
[CH: 50] LEN: 12 | HEX: F2 76 F6 FC 73 79 9C EF 46 DC BF BF | T:8769 RPD:1
[CH: 50] LEN: 12 | HEX: FA 76 F6 FD 70 79 9C FF 73 D2 BF FF | T:8773 RPD:1
[CH: 50] LEN: 12 | HEX: F2 76 FE FC 71 79 9C FF EF 37 BD B7 | T:8776 RPD:1
[CH: 50] LEN: 12 | HEX: FA 76 FE EF 76 71 9C F7 59 DE AF FF | T:8787 RPD:1
[CH: 50] LEN: 12 | HEX: F2 76 F6 FA 77 79 9C FF 05 2B FF FB | T:8788 RPD:0
[CH: 50] LEN: 12 | HEX: FA 76 F6 F9 74 79 9C FB F0 25 BE FB | T:8799 RPD:1
[CH: 50] LEN: 12 | HEX: F2 76 FE F0 75 79 9C F7 2C C0 AF EF | T:8799 RPD:0
[CH: 50] LEN: 12 | HEX: FA 76 F6 F7 7A 79 9C F7 5D D7 BF BF | T:8811 RPD:0
[CH: 50] LEN: 12 | HEX: F6 76 F6 E5 78 79 9C F6 34 3C AF 7F | T:8827 RPD:1
[CH: 50] LEN: 12 | HEX: F6 76 F6 F4 79 79 9C F7 48 D9 AD FD | T:8857 RPD:1
[CH: 50] LEN: 12 | HEX: FA 76 F6 F3 7C 79 9C EB 7E 20 BF 5F | T:8887 RPD:1
[CH: 50] LEN: 12 | HEX: FA 76 FE E2 76 79 9C F5 02 C5 BF FF | T:8917 RPD:1
[CH: 50] LEN: 12 | HEX: F2 76 FA E1 7C 79 9C F7 77 CB EF FF | T:8947 RPD:1
[CH: 50] LEN: 12 | HEX: F6 76 FC F0 75 79 9C F7 2B 2E BE DF | T:8977 RPD:1
[CH: 50] LEN: 12 | HEX: FA 76 FE EF 62 79 9C FF 85 C4 AF FF | T:9007 RPD:1
[CH: 50] LEN: 12 | HEX: FA 76 FA EE 63 71 9C F7 B9 21 BF FF | T:9037 RPD:1
[CH: 50] LEN: 12 | HEX: F2 76 F6 ED 60 71 9C EE EC 2F BF DF | T:9067 RPD:1
[CH: 50] LEN: 12 | HEX: FA 76 F4 EC 61 79 9C EE F0 CA AD FB | T:9097 RPD:1
[CH: 50] LEN: 12 | HEX: FA 76 FE EB 66 79 9C FF C6 33 AD DD | T:9127 RPD:1
[CH: 50] LEN: 12 | HEX: FA 76 FA EA 67 79 9C FF 9A D6 BF 5B | T:9157 RPD:1
[CH: 50] LEN: 12 | HEX: F2 76 F6 E9 64 71 9C F7 6F B8 BF EB | T:9187 RPD:1
[CH: 50] LEN: 12 | HEX: FA 76 FE E8 65 79 9C FF 33 3D BF EF | T:9217 RPD:1
[CH: 50] LEN: 12 | HEX: FA 76 F6 E7 6A 79 9C FF 42 2A BA FD | T:9247 RPD:1
[CH: 50] LEN: 12 | HEX: FA 76 FE E6 6B 75 9C F7 5E CF 2A FB | T:9277 RPD:1
[CH: 50] LEN: 12 | HEX: F2 76 FE E5 68 79 9C FF 2B C1 AD FF | T:9307 RPD:1
[CH: 50] LEN: 12 | HEX: F2 76 F6 E4 69 79 9C F7 57 24 AF BF | T:9337 RPD:1
[CH: 50] LEN: 12 | HEX: FA 76 FE E3 6E 79 9C FF 61 DD BF F7 | T:9367 RPD:1
[CH: 50] LEN: 12 | HEX: FA 76 FE E2 6F 71 9C FF 1D 38 AF FF | T:9397 RPD:1
[CH: 50] LEN: 12 | HEX: F2 76 F5 E1 6C 79 9C F6 68 36 BF EF | T:9427 RPD:1
[CH: 50] LEN: 12 | HEX: F6 76 FE E0 6D 79 9C FF B4 D3 BD EF | T:9457 RPD:1
[CH: 50] LEN: 12 | HEX: FA 76 FE DF 52 71 9C F6 25 C3 B7 F7 | T:9487 RPD:1
[CH: 50] LEN: 12 | HEX: F6 76 FE FA 73 79 9C FF A6 DC BB FE | T:9517 RPD:1
[CH: 50] LEN: 12 | HEX: F2 76 FE FD 70 79 9C FF 73 92 BB BF | T:9521 RPD:1
[CH: 50] LEN: 12 | HEX: FA 76 EE EC 71 71 9C F7 6E 37 BF DF | T:9524 RPD:1
[CH: 50] LEN: 12 | HEX: FA 76 FE F3 76 79 9C F6 59 CE BB FF | T:9535 RPD:1
[CH: 50] LEN: 12 | HEX: FA 7E FE EA 77 75 9C FF 45 2B BF FB | T:9535 RPD:1
[CH: 50] LEN: 12 | HEX: FA 76 FE F1 74 79 9C FB 70 25 BF FD | T:9547 RPD:1
[CH: 50] LEN: 12 | HEX: F2 76 FE F0 75 79 9C FE AC C0 BF FE | T:9547 RPD:0
[CH: 50] LEN: 12 | HEX: F6 76 F6 F7 7A 79 9C F6 9D D7 BE DF | T:9558 RPD:0
[CH: 50] LEN: 12 | HEX: FA 76 F6 F5 78 79 9C FE B4 3C BF EF | T:9577 RPD:1
[CH: 50] LEN: 12 | HEX: FA 76 FA F4 79 79 9C FF D8 D9 BF B7 | T:9607 RPD:1
[CH: 50] LEN: 12 | HEX: F2 76 FE F3 7C 79 9C FF FE 20 AF FD | T:9637 RPD:1
[CH: 50] LEN: 12 | HEX: F2 76 FE F2 7A 79 9C FF 02 C5 BF 7D | T:9667 RPD:1
[CH: 50] LEN: 12 | HEX: FA 76 FE E9 7C 79 9C F7 77 8B AF FF | T:9697 RPD:1
[CH: 50] LEN: 12 | HEX: F2 76 F6 EF 62 79 9C FF 05 C4 BF BF | T:9757 RPD:1
[CH: 50] LEN: 12 | HEX: F2 76 F6 EE 63 79 9C FF B9 21 AF 7B | T:9787 RPD:1
[CH: 50] LEN: 12 | HEX: F2 76 FE ED 60 79 9C EF 6C 2F BB FF | T:9817 RPD:1
[CH: 50] LEN: 12 | HEX: FA 76 FA EC 61 79 9C F6 70 CA AB FA | T:9847 RPD:1
[CH: 50] LEN: 12 | HEX: FA 76 FE EB 66 79 9C FF 46 33 AB F7 | T:9877 RPD:1
[CH: 50] LEN: 12 | HEX: F2 76 FE E9 64 71 9C F7 4F D8 BD FF | T:9937 RPD:1
[CH: 50] LEN: 12 | HEX: F2 76 F6 E8 65 79 9C FF 33 3D BB F7 | T:9967 RPD:1
[CH: 50] LEN: 12 | HEX: FA 76 FA E6 6B 79 9C F7 5E CF 37 EF | T:10027 RPD:1
[CH: 50] LEN: 12 | HEX: F2 76 FE E5 68 79 9E FA 2B C1 AF 7F | T:10057 RPD:1
[CH: 50] LEN: 12 | HEX: FA 76 FE E4 69 79 9C FF D7 24 BF 6F | T:10087 RPD:1
[CH: 50] LEN: 12 | HEX: FA 76 F6 E3 6E 79 9C FF 81 DD BF EF | T:10117 RPD:1
[CH: 50] LEN: 12 | HEX: F2 76 FE E2 6F 79 9C FB 1D 38 BD BF | T:10147 RPD:1
[CH: 50] LEN: 12 | HEX: FA 76 FE E1 6C 79 9C FB 68 36 AF BB | T:10177 RPD:1
[CH: 50] LEN: 12 | HEX: F2 76 FE E0 6D 71 9C F7 B4 D3 AB FF | T:10207 RPD:1
[CH: 50] LEN: 12 | HEX: FA 76 FE DE 52 71 9C F7 25 C3 BF DF | T:10237 RPD:1
[CH: 50] LEN: 12 | HEX: FA 76 FE FE 73 79 9C FB 46 DC AD DF | T:10267 RPD:1
[CH: 50] LEN: 12 | HEX: FA 76 FE F5 70 79 9C FF 33 D2 AF BF | T:10270 RPD:1
[CH: 50] LEN: 12 | HEX: F2 76 FE FC 71 79 9C FF 6F 37 AD FF | T:10274 RPD:1
[CH: 50] LEN: 12 | HEX: FA 76 FE F3 76 79 9C FB 59 CE BD DF | T:10285 RPD:1
[CH: 50] LEN: 12 | HEX: F2 76 FE FA 77 71 9E EF 45 2B BF FF | T:10285 RPD:0
[CH: 50] LEN: 12 | HEX: F2 76 F6 F9 74 79 9C FF A0 25 AF DF | T:10296 RPD:1
[CH: 50] LEN: 12 | HEX: FA 76 FE E8 75 79 9C FE 2C C0 BB 7F | T:10297 RPD:0
[CH: 50] LEN: 12 | HEX: F2 76 FE F7 7A 79 9C FF 5D D7 BB AB | T:10308 RPD:0
[CH: 50] LEN: 12 | HEX: F2 76 EE F5 78 71 9C EE 34 3C AD BF | T:10326 RPD:1
[CH: 50] LEN: 12 | HEX: F2 76 FE F4 79 79 9C FF D8 D9 BE FF | T:10356 RPD:1
[CH: 50] LEN: 12 | HEX: FA 76 EE F3 75 79 9C FE DC 20 AE F3 | T:10386 RPD:1
[CH: 50] LEN: 12 | HEX: FA 76 FA F2 7F 79 9C FF 02 C5 AF FF | T:10416 RPD:1
[CH: 50] LEN: 12 | HEX: FA 76 FE F1 7C 79 9C FF 77 CB AD FF | T:10446 RPD:1
[CH: 50] LEN: 12 | HEX: F2 76 FE F0 79 79 9C EF 2B 2E AE BD | T:10476 RPD:1
[CH: 50] LEN: 12 | HEX: F2 76 FE EE 62 79 9C EF 05 C4 AE DF | T:10506 RPD:1
[CH: 50] LEN: 12 | HEX: F2 76 FE EE 63 79 9C FF B9 21 BF 7E | T:10536 RPD:1
[CH: 50] LEN: 12 | HEX: FA 76 F4 ED 60 79 9C FB 6C 2F 3F FB | T:10566 RPD:1
[CH: 50] LEN: 12 | HEX: F2 76 FE EC 61 79 9C F5 70 CA BF EE | T:10596 RPD:1
[CH: 50] LEN: 12 | HEX: EA 76 F6 EA 67 79 9C F7 9A D6 AF B5 | T:10656 RPD:1
[CH: 50] LEN: 12 | HEX: FA 76 FE E9 64 79 9C F7 4F 58 BF FF | T:10686 RPD:1
[CH: 50] LEN: 12 | HEX: F2 76 FE E8 65 79 9C FF 33 3D AF EE | T:10715 RPD:1
[CH: 50] LEN: 12 | HEX: FA 76 FE E7 6A 79 9C FF C2 2A AB 6F | T:10745 RPD:1
[CH: 50] LEN: 12 | HEX: FA 76 F6 E6 6B 79 9C F6 5E CF 3B FB | T:10775 RPD:1
[CH: 50] LEN: 12 | HEX: EE 76 FE E5 68 79 9C FE AB 81 BF 7F | T:10805 RPD:1
[CH: 50] LEN: 12 | HEX: FA 76 FE E4 69 79 9C FF 77 24 AF BF | T:10835 RPD:1
[CH: 50] LEN: 12 | HEX: F2 76 FE E3 6E 79 9C ED 41 DD AD D6 | T:10865 RPD:1
[CH: 50] LEN: 12 | HEX: F2 76 FE E2 6F 79 9C F7 1D 38 AF FB | T:10895 RPD:1
[CH: 50] LEN: 12 | HEX: FA 76 FE E1 6C 79 9C F7 68 36 AF FF | T:10925 RPD:1
[CH: 50] LEN: 12 | HEX: FA 76 FE E0 6D 79 9C FF 74 D3 AF 77 | T:10955 RPD:1
[CH: 50] LEN: 12 | HEX: F6 76 FE DE 52 71 9C F6 25 C3 AF FF | T:10985 RPD:1
[CH: 50] LEN: 12 | HEX: F2 76 F6 F6 73 79 9C FF A6 DC AB FD | T:11015 RPD:1
[CH: 50] LEN: 12 | HEX: F2 76 FE FD 70 71 9C FF 73 D2 BB FF | T:11019 RPD:1
[CH: 50] LEN: 12 | HEX: FA 76 F5 F4 71 79 9C FF 6F 37 AD FD | T:11022 RPD:1
[CH: 50] LEN: 12 | HEX: FA 76 FE FB 76 79 9C EF 59 CE BF FD | T:11033 RPD:1
[CH: 50] LEN: 12 | HEX: FA 76 FC FA 77 79 9C F6 85 2B BD FF | T:11034 RPD:0
[CH: 50] LEN: 12 | HEX: F2 76 FE E9 74 71 9C EB F0 25 BD EF | T:11045 RPD:1
[CH: 50] LEN: 12 | HEX: F2 76 FE F0 75 79 9C FF 2C C0 BD BB | T:11045 RPD:0
[CH: 50] LEN: 12 | HEX: FA 76 FE F7 7A 79 9C F7 1D D7 FD D5 | T:11056 RPD:0
[CH: 50] LEN: 12 | HEX: F2 76 FE F5 78 79 9C FF 34 3C BD 7F | T:11074 RPD:1
[CH: 50] LEN: 12 | HEX: FA 76 FE F4 71 79 9C F7 E8 D9 BF ED | T:11104 RPD:1
[CH: 50] LEN: 12 | HEX: FA 76 FE F3 7E 79 9C FF DE 20 AF 9F | T:11134 RPD:1
[CH: 50] LEN: 12 | HEX: FA 76 FA F2 7F 79 9C FF 02 C5 BF FF | T:11164 RPD:1
[CH: 50] LEN: 12 | HEX: FA 76 FE F1 7C 79 9C EF 77 CB FF DF | T:11194 RPD:1
[CH: 50] LEN: 12 | HEX: F2 76 FC F0 7D 71 9C FF EB 2E B7 EF | T:11224 RPD:1
[CH: 50] LEN: 12 | HEX: F2 76 FC EE 62 75 9C FE 05 C4 AF FD | T:11254 RPD:1
[CH: 50] LEN: 12 | HEX: F2 76 FE EE 63 79 9C EB D9 21 AF FF | T:11284 RPD:1
[CH: 50] LEN: 12 | HEX: F2 76 F6 ED 60 79 9C FF 6C 2E BF FF | T:11314 RPD:1
[CH: 50] LEN: 12 | HEX: F2 76 FE EC 61 79 9C FD 70 CA AF 7F | T:11344 RPD:1
[CH: 50] LEN: 12 | HEX: EA 76 EA EB 66 71 9C FE 46 33 B7 FE | T:11374 RPD:1
[CH: 50] LEN: 12 | HEX: FA 76 FE EA 67 79 9C F7 5A D6 AF 5E | T:11404 RPD:1
[CH: 50] LEN: 12 | HEX: F2 76 FE E9 64 79 9C EA EF 58 AF D6 | T:11434 RPD:1
[CH: 50] LEN: 12 | HEX: F2 76 FE E8 65 79 9C FD 33 3D BF 5A | T:11464 RPD:1
[CH: 50] LEN: 12 | HEX: FA 76 FE E7 6A 79 9C FE C2 2A AA FA | T:11494 RPD:1
[CH: 50] LEN: 12 | HEX: FA 76 FA E6 6B 79 9C FF 5E CF BE FE | T:11524 RPD:1
[CH: 50] LEN: 12 | HEX: F2 76 F6 E5 68 79 9C FF 2B C1 AF 3F | T:11554 RPD:1
[CH: 50] LEN: 12 | HEX: F2 76 FE E4 69 79 9C FF 37 24 AB 76 | T:11584 RPD:1
[CH: 50] LEN: 12 | HEX: FA 76 FE E3 6E 79 9C FF A1 DD AD AB | T:11614 RPD:1
[CH: 50] LEN: 12 | HEX: F2 76 FE E2 6F 79 9C FF 1D 38 AE FF | T:11644 RPD:1
[CH: 50] LEN: 12 | HEX: F2 76 FC E1 6C 79 9C EB E8 36 BF DF | T:11674 RPD:1
[CH: 50] LEN: 12 | HEX: F2 76 FE DF 52 79 9C F7 25 C3 AB 6D | T:11734 RPD:1
[CH: 50] LEN: 12 | HEX: F2 76 FE FE 73 79 9C FB 46 DC AF FD | T:11764 RPD:1
[CH: 50] LEN: 12 | HEX: FA 76 F4 F5 70 79 9C F7 73 D2 AF D7 | T:11767 RPD:1
[CH: 50] LEN: 12 | HEX: F2 76 FE F8 71 79 9C FF 6F 37 B5 EF | T:11772 RPD:1
[CH: 50] LEN: 12 | HEX: EE 7E FE F3 76 71 9C EE 59 CE BB DF | T:11783 RPD:1
[CH: 50] LEN: 12 | HEX: FA 76 FE F2 77 79 9C FF 85 2B BF EF | T:11783 RPD:1
[CH: 50] LEN: 12 | HEX: FA 76 FE F9 74 79 9C F7 F0 25 BF 7F | T:11794 RPD:1
[CH: 50] LEN: 12 | HEX: FA 76 F6 F8 75 79 9C F7 2C C0 A7 FD | T:11795 RPD:0
[CH: 50] LEN: 12 | HEX: F2 76 F5 F7 72 79 9C FF 5D D7 BD DF | T:11806 RPD:1
[CH: 50] LEN: 12 | HEX: FA 76 FE F6 73 79 9C FF C1 32 AF DE | T:11806 RPD:1
[CH: 50] LEN: 12 | HEX: F2 76 F6 E5 78 79 9C F7 34 3C BD EF | T:11826 RPD:1
[CH: 50] LEN: 12 | HEX: FA 76 FE F4 79 79 9C FF 48 D9 BF 7F | T:11856 RPD:1
[CH: 50] LEN: 12 | HEX: FA 76 FE F3 7E 79 9C FF BE 20 AF FF | T:11886 RPD:1
[CH: 50] LEN: 12 | HEX: FA 76 FE F2 7F 79 9C FF 02 C5 AF FF | T:11916 RPD:1
[CH: 50] LEN: 12 | HEX: F2 76 FE F1 78 71 9C FF 77 8B BB FF | T:11946 RPD:1
[CH: 50] LEN: 12 | HEX: FA 76 FE F0 79 79 9C FF 6B 2E BD FF | T:11976 RPD:1
[CH: 50] LEN: 12 | HEX: FA 76 FE EF 62 79 9C FF 05 C4 BF FF | T:12006 RPD:1
[CH: 50] LEN: 12 | HEX: FA 76 FD EE 63 79 9C FF F9 21 AF FD | T:12036 RPD:1
[CH: 50] LEN: 12 | HEX: F2 76 FE ED 60 71 9C EF 2C 2E BF FF | T:12066 RPD:1
[CH: 50] LEN: 12 | HEX: F6 76 F6 EC 61 79 9C FE F0 CA AD F7 | T:12096 RPD:1
[CH: 50] LEN: 12 | HEX: F2 76 FD EB 66 79 9C FF 46 33 BD BD | T:12126 RPD:1
[CH: 50] LEN: 12 | HEX: FA 76 F6 EA 67 79 9C FF 5A D6 BF DD | T:12156 RPD:1
[CH: 50] LEN: 12 | HEX: F2 76 FE E9 64 71 9C FF 4F D8 BF FF | T:12186 RPD:1
[CH: 50] LEN: 12 | HEX: F2 76 EE E8 65 71 98 FE B3 39 BA FA | T:12215 RPD:1
[CH: 50] LEN: 12 | HEX: FA 76 FE E7 6A 79 9C FF 02 2A AB FB | T:12245 RPD:1
[CH: 50] LEN: 12 | HEX: FA 76 FA E6 6B 71 9C F7 5E CF 3F FF | T:12275 RPD:1
[CH: 50] LEN: 12 | HEX: FA 76 FE E5 68 79 9C F7 2B C1 BE 9A | T:12305 RPD:1
[CH: 50] LEN: 12 | HEX: F2 76 FE E4 69 79 9C FF EF 24 AF FF | T:12335 RPD:1
[CH: 50] LEN: 12 | HEX: F2 76 F4 E3 6E 79 9E FE 81 DD BF BF | T:12365 RPD:1
[CH: 50] LEN: 12 | HEX: F2 76 EE E2 6F 79 9C FF 1D 38 AF F7 | T:12395 RPD:1
[CH: 50] LEN: 12 | HEX: F2 76 F6 E1 6C 71 9C F7 68 36 BF FF | T:12425 RPD:1
[CH: 50] LEN: 12 | HEX: FA 76 F6 E0 6D 79 9C FF 74 D3 AE FF | T:12455 RPD:1
[CH: 50] LEN: 12 | HEX: F2 76 FE DF 52 79 9C F6 A5 C3 AD FF | T:12485 RPD:1
[CH: 50] LEN: 12 | HEX: FA 76 FE FE 73 79 9C F7 C6 DC B7 FE | T:12515 RPD:1
[CH: 50] LEN: 12 | HEX: F2 76 F6 F5 70 79 9C EF 73 D2 AF FF | T:12519 RPD:1
[CH: 50] LEN: 12 | HEX: F2 76 F6 EC 71 79 9C FE EF 37 3D FF | T:12523 RPD:1
[CH: 50] LEN: 12 | HEX: FA 76 FE F3 76 79 9C FF 59 CE BD DF | T:12534 RPD:1
[CH: 50] LEN: 12 | HEX: F2 76 F6 F6 77 79 9C FF 85 2B BD BF | T:12535 RPD:0
[CH: 50] LEN: 12 | HEX: FA 76 FE F9 74 79 9C FF 50 25 AF DF | T:12546 RPD:1
[CH: 50] LEN: 12 | HEX: FA 76 FA F8 75 79 9C FF 2C C0 AB BF | T:12546 RPD:0
[CH: 50] LEN: 12 | HEX: FA 76 FE F7 7A 79 9C F6 9D D7 BB 77 | T:12557 RPD:0
[CH: 50] LEN: 12 | HEX: FA 76 FE F5 78 79 9C FA 34 3C BF F7 | T:12575 RPD:1
[CH: 50] LEN: 12 | HEX: F2 76 F6 F4 79 79 9C F7 A8 D9 BF EF | T:12605 RPD:1
[CH: 50] LEN: 12 | HEX: F6 76 F6 E3 7E 79 9C FF BE 20 BF F7 | T:12635 RPD:1
[CH: 50] LEN: 12 | HEX: FA 7E FE F2 7F 79 9C F6 02 C5 BF 77 | T:12665 RPD:1
[CH: 50] LEN: 12 | HEX: FA 76 FE F1 78 79 9C FF 77 CB AF 55 | T:12695 RPD:1
[CH: 50] LEN: 12 | HEX: F2 76 FE F0 7D 79 9C FF AB 2E B7 ED | T:12725 RPD:1
[CH: 50] LEN: 12 | HEX: EA 76 FE EF 62 71 9C FF 05 C4 BF FF | T:12755 RPD:1
[CH: 50] LEN: 12 | HEX: F2 76 FE EE 63 79 9C F7 B9 21 BE DF | T:12785 RPD:1
[CH: 50] LEN: 12 | HEX: FA 76 FE FD 60 79 9C F7 AC 2F BF FF | T:12815 RPD:1
[CH: 50] LEN: 12 | HEX: F2 76 F6 EC 61 79 9C FE 70 CA A9 EB | T:12845 RPD:1
[CH: 50] LEN: 12 | HEX: FA 76 FE EB 66 79 9C F7 46 33 BD FE | T:12875 RPD:1
[CH: 50] LEN: 12 | HEX: F2 7B FD 00 81 79 9C FF 6B AD BD FE | T:13092 RPD:1
[CH: 50] LEN: 12 | HEX: F2 73 F7 00 81 79 9C FA EB AD BF F3 | T:13093 RPD:1
[CH: 50] LEN: 12 | HEX: FD 77 DE FE FE 70 9C EB AC E7 BF 5A | T:13123 RPD:1
[CH: 50] LEN: 12 | HEX: F9 77 F4 FD EE 73 9C FB 73 65 AB F7 | T:13126 RPD:1
[CH: 50] LEN: 12 | HEX: F9 77 FE FC FE 72 9C FF D6 04 BA FB | T:13129 RPD:1
[CH: 50] LEN: 12 | HEX: F9 77 DE FB FD 75 9E FF 04 40 AF FD | T:13141 RPD:1
[CH: 50] LEN: 12 | HEX: F1 77 AE FA FE 74 9C FF 19 21 BF 6F | T:13141 RPD:0
[CH: 50] LEN: 12 | HEX: F9 77 FD F9 FE 77 9C FF 2E A3 AB D7 | T:13152 RPD:1
[CH: 50] LEN: 12 | HEX: F9 77 DC F4 F6 76 9C FB B3 C2 AD 76 | T:13152 RPD:0
[CH: 50] LEN: 12 | HEX: F9 77 D6 FE FE 70 9C FF AC E7 AD A7 | T:13164 RPD:1
[CH: 50] LEN: 12 | HEX: F1 77 FD FC EA 76 9C F5 A6 04 BE F7 | T:13175 RPD:1
[CH: 50] LEN: 12 | HEX: F9 77 5A FB FE 75 9C FF 04 40 AD 76 | T:13175 RPD:0
[CH: 50] LEN: 12 | HEX: F1 77 FB F8 FE 76 9C FF 73 C2 BF FF | T:13187 RPD:1
[CH: 50] LEN: 12 | HEX: F9 77 BA FC FA 72 9C EA 86 04 AD ED | T:13187 RPD:0
[CH: 50] LEN: 12 | HEX: F9 77 AD FB FC 75 9C F7 04 40 BF EE | T:13198 RPD:1
[CH: 50] LEN: 12 | HEX: F1 77 FE F0 FE 76 9C F7 B3 C2 AF F7 | T:13198 RPD:0
[CH: 50] LEN: 12 | HEX: F9 77 DB F7 FD 79 9C F5 D2 0A BF F7 | T:13210 RPD:1
[CH: 50] LEN: 12 | HEX: F1 77 FA F8 FE 72 9C FF 46 04 BF FE | T:13221 RPD:1
[CH: 50] LEN: 12 | HEX: F9 77 FE FB FC 75 9C FD 04 40 AF EB | T:13221 RPD:0
[CH: 50] LEN: 12 | HEX: F1 77 FD F9 FE 77 9C F7 2E A3 AF DE | T:13233 RPD:1
[CH: 50] LEN: 12 | HEX: F9 77 74 FD D6 73 9C F7 7B 65 BE BB | T:13233 RPD:0
[CH: 50] LEN: 12 | HEX: F9 77 FD FC F5 72 9C FF C6 04 AF FB | T:13244 RPD:1
[CH: 50] LEN: 12 | HEX: F1 77 F4 F1 FE 77 9C F7 2E A3 BF DD | T:13244 RPD:0
[CH: 50] LEN: 12 | HEX: E9 77 B5 F0 F6 76 9E F6 B3 C2 BB DE | T:13256 RPD:1
[CH: 50] LEN: 12 | HEX: F9 77 B4 F9 FE 73 9C FF 7B 65 BD FF | T:13267 RPD:1
[CH: 50] LEN: 12 | HEX: F5 77 FD FC FC 72 9C F7 E6 04 BD FB | T:13267 RPD:1
[CH: 50] LEN: 12 | HEX: F9 77 BC F9 FE 77 9C FF 2E A3 FF 6F | T:13278 RPD:1
[CH: 50] LEN: 12 | HEX: F1 77 FD FD FE 73 9C FF 7B 65 B5 FF | T:13279 RPD:0
[CH: 50] LEN: 12 | HEX: F9 77 FB FC EA 72 9C ED 66 04 AB EF | T:13290 RPD:1
[CH: 50] LEN: 12 | HEX: F9 77 DE FA FC 74 9C FF D9 21 BD FB | T:13290 RPD:0
[CH: 50] LEN: 12 | HEX: F9 77 FF F9 FC 77 9C F6 2E A3 AF FE | T:13302 RPD:1
[CH: 50] LEN: 12 | HEX: F1 77 FE F6 F6 70 9C EB CC E7 3A 77 | T:13313 RPD:1
[CH: 50] LEN: 12 | HEX: ED 77 FE FD FC 73 9C F5 7B 65 AF FE | T:13313 RPD:0
[CH: 50] LEN: 12 | HEX: ED 77 BD F2 FE 74 9C FF 19 21 BB FF | T:13324 RPD:1
[CH: 50] LEN: 12 | HEX: F5 77 F6 FE FE 70 9C F7 CC E7 3F 5E | T:13325 RPD:0
[CH: 50] LEN: 12 | HEX: F9 77 BA FD FE 73 9C FF 73 65 BF 7F | T:13336 RPD:1
[CH: 50] LEN: 12 | HEX: F1 77 FE FA F5 74 9C F7 19 21 BF 7B | T:13336 RPD:0
[CH: 50] LEN: 12 | HEX: F9 77 DD F8 FE 76 9C F5 B3 C2 AB AD | T:13348 RPD:1
[CH: 50] LEN: 12 | HEX: F9 77 FD FE FE 70 9C FF EC E7 BE FB | T:13359 RPD:1
[CH: 50] LEN: 12 | HEX: F1 77 BD FD F6 73 9C F7 7B 65 AF DF | T:13359 RPD:0
[CH: 50] LEN: 12 | HEX: F9 77 FD FB FE 75 9C F7 04 40 BF 85 | T:13370 RPD:1
[CH: 50] LEN: 12 | HEX: F9 77 DE F7 FF 79 9C FF 5A 0A B5 4B | T:13371 RPD:0
[CH: 50] LEN: 12 | HEX: F1 77 BD FE F6 70 9E F7 4C E7 AF BF | T:13382 RPD:1
[CH: 50] LEN: 12 | HEX: F1 77 BA F3 BD 75 9C FF 04 40 BF 7F | T:13382 RPD:0
[CH: 50] LEN: 12 | HEX: F9 77 DE FA F6 74 9C FF 99 21 BB BF | T:13394 RPD:1
[CH: 50] LEN: 12 | HEX: F9 77 AC E7 FF 79 9C FF D2 0A B5 2A | T:13405 RPD:1
[CH: 50] LEN: 12 | HEX: F9 77 FF FA F5 70 9E FF EC E7 A9 FB | T:13405 RPD:0
[CH: 50] LEN: 12 | HEX: F9 77 BE FB EE 75 9C FF 04 40 BA F5 | T:13416 RPD:1
[CH: 50] LEN: 12 | HEX: F9 77 DE F7 FD 79 9C FB AA 0A AD EF | T:13417 RPD:0
[CH: 50] LEN: 12 | HEX: F9 77 EC FE FE 70 9C F7 4C E7 AD AF | T:13428 RPD:1
[CH: 50] LEN: 12 | HEX: F1 77 FD FA FE 72 9C EB 46 04 BD EB | T:13428 RPD:0
[CH: 50] LEN: 12 | HEX: F5 77 FD FB DE 75 9C F7 04 40 AF FF | T:13440 RPD:1
[CH: 50] LEN: 12 | HEX: F9 77 BC F8 FE 76 9C FF B3 C2 AE FB | T:13451 RPD:1
[CH: 50] LEN: 12 | HEX: F9 77 FD F7 FF 79 9C FF D2 0A AE EF | T:13451 RPD:0
[CH: 50] LEN: 12 | HEX: F9 77 FD FA FE 72 9C F5 46 04 BA FB | T:13462 RPD:1
[CH: 50] LEN: 12 | HEX: F1 77 FA E8 FE 76 9C FF 73 C2 BF FB | T:13463 RPD:0
[CH: 50] LEN: 12 | HEX: F1 77 FF F7 DE 79 9C FF D2 0A AA FE | T:13474 RPD:1
[CH: 50] LEN: 12 | HEX: F9 77 FA FC FE 72 9C FF 46 04 BF 7F | T:13474 RPD:0
[CH: 50] LEN: 12 | HEX: F9 77 BD FB FD 75 9C FB 04 40 BF BA | T:13485 RPD:1
[CH: 50] LEN: 12 | HEX: F9 77 FF F8 FE 76 9E FF F3 C2 AB 7E | T:13497 RPD:1
[CH: 50] LEN: 12 | HEX: F1 77 FE F7 BC 79 9C F7 FA 0A AE EA | T:13497 RPD:0
[CH: 50] LEN: 12 | HEX: F9 77 FD FD FE F3 9C FF 7B 65 BF F7 | T:13508 RPD:1
[CH: 50] LEN: 12 | HEX: F9 77 FE F9 FE 77 9C FF 2E A3 AF EF | T:13509 RPD:0
[CH: 50] LEN: 12 | HEX: F9 77 FD F4 FE 76 9C FF B3 C2 AE 9F | T:13520 RPD:1
[CH: 50] LEN: 12 | HEX: F9 77 5D ED FE 73 9C FE 7B 65 AD 77 | T:13520 RPD:0
[CH: 50] LEN: 12 | HEX: F1 77 DD FA F6 72 9C FF A6 04 BE FF | T:13531 RPD:1
[CH: 50] LEN: 12 | HEX: F1 77 FE F9 FE 77 9C FE 2E A3 AF FF | T:13543 RPD:1
[CH: 50] LEN: 12 | HEX: F9 77 FE F8 FE 76 9C FE F3 C2 BF FF | T:13543 RPD:0
[CH: 50] LEN: 12 | HEX: F9 77 FE FD F6 73 9C FF 7B 65 BB BB | T:13554 RPD:1
[CH: 50] LEN: 12 | HEX: F9 77 FD F9 FE 77 9C FB 2E A3 AB FF | T:13555 RPD:0
[CH: 50] LEN: 12 | HEX: F9 77 FA F8 FE 76 9C FF 73 C2 AF FE | T:13566 RPD:1
[CH: 50] LEN: 12 | HEX: F9 77 FF FE FE 70 9C FF AC E7 AD EF | T:13566 RPD:0
[CH: 50] LEN: 12 | HEX: F9 77 FA FD FE 73 9C F6 FB 65 B6 AA | T:13577 RPD:1
[CH: 50] LEN: 12 | HEX: F9 77 FD FA FD 74 9C FB 19 21 AF BF | T:13589 RPD:1
[CH: 50] LEN: 12 | HEX: F9 77 DD F9 FE 77 9C FF 2E A3 EF FB | T:13589 RPD:0
[CH: 50] LEN: 12 | HEX: F1 77 FD F6 F6 70 9C F7 6C E7 AB EE | T:13600 RPD:1
[CH: 50] LEN: 12 | HEX: F1 77 DC F9 FC 77 9C F6 AE A3 B7 FF | T:13601 RPD:0
[CH: 50] LEN: 12 | HEX: F9 77 FD F8 FE 76 9C FB B3 C2 AF 6E | T:13612 RPD:1
[CH: 50] LEN: 12 | HEX: F9 77 F4 FE F6 70 9C F7 6C E7 BE BE | T:13612 RPD:0
[CH: 50] LEN: 12 | HEX: F9 77 FE FF FC 73 9C FF 7B 65 AE EB | T:13623 RPD:1
[CH: 50] LEN: 12 | HEX: F9 77 BD F2 FA 74 9C F7 59 21 AF FE | T:13635 RPD:1
[CH: 50] LEN: 12 | HEX: F1 77 BC F1 FE 77 9C FF 2E A3 AF 7F | T:13635 RPD:0
[CH: 50] LEN: 12 | HEX: F9 77 DB F7 FD 79 9C FB 5A 0A AD AC | T:13646 RPD:1
[CH: 50] LEN: 12 | HEX: F9 77 FE FB FE 75 9C FF 04 40 AF DE | T:13646 RPD:0
[CH: 50] LEN: 12 | HEX: E9 77 BB F2 FE 74 9C F7 59 21 AF CB | T:13658 RPD:1
[CH: 50] LEN: 12 | HEX: F1 77 FB F7 FA 79 9C F7 AA 0A AF BB | T:13658 RPD:0
[CH: 50] LEN: 12 | HEX: F9 77 FE FE FC 70 9C FF CC E7 BD BD | T:13669 RPD:1
[CH: 50] LEN: 12 | HEX: F1 77 AD F3 FE 75 9C F7 04 40 BF FF | T:13681 RPD:1
[CH: 50] LEN: 12 | HEX: F9 77 BE FA FC 74 9C F7 59 21 BF FE | T:13681 RPD:0
[CH: 50] LEN: 12 | HEX: F9 77 BC F7 7A 79 9C EF FA 0A B6 EF | T:13692 RPD:1
[CH: 50] LEN: 12 | HEX: F9 77 FD FB FE 75 9C FF 04 40 BF AD | T:13692 RPD:0
[CH: 50] LEN: 12 | HEX: F9 77 FD FA F6 74 9C F7 19 21 AE FD | T:13704 RPD:1
[CH: 50] LEN: 12 | HEX: F9 77 FD F4 FE 76 9C F7 F3 C2 AE DF | T:13704 RPD:0
[CH: 50] LEN: 12 | HEX: F1 77 FB F7 EC 79 9C FF 52 0A BF DB | T:13715 RPD:1
[CH: 50] LEN: 12 | HEX: F9 77 FB F4 FE 72 9C FF D6 04 AE 7E | T:13727 RPD:1
[CH: 50] LEN: 12 | HEX: F9 77 BA FB D7 75 9C EF 04 40 BE FF | T:13727 RPD:0
[CH: 50] LEN: 12 | HEX: F9 77 FF F8 FE 76 9C FF B3 C2 BD FF | T:13738 RPD:1
[CH: 50] LEN: 12 | HEX: F9 77 AE FC FB 72 9C F7 D6 04 AF CD | T:13738 RPD:0
[CH: 50] LEN: 12 | HEX: F9 77 FF FB FE 75 9C FF 04 40 AF EF | T:13750 RPD:1
[CH: 50] LEN: 12 | HEX: F9 77 FB F8 FE 76 9C FF 33 C2 AF DF | T:13750 RPD:0
[CH: 50] LEN: 12 | HEX: F9 77 FC F7 FC 79 9C F7 BA 0A AB E3 | T:13761 RPD:1
[CH: 50] LEN: 12 | HEX: F1 77 BD FC EC 72 9C FF 56 04 AF EC | T:13773 RPD:1
[CH: 50] LEN: 12 | HEX: F9 77 FD FA FE 74 9C FB 19 21 AB FF | T:13773 RPD:0
[CH: 50] LEN: 12 | HEX: F9 77 BD F8 F5 76 9C FF 73 C2 BF FD | T:13784 RPD:1
[CH: 50] LEN: 12 | HEX: F9 7F DD F5 EC 73 9C FE FB 65 B6 AF | T:13784 RPD:0
[CH: 50] LEN: 12 | HEX: F9 77 FD F8 F4 72 9C FF D6 04 AF FF | T:13796 RPD:1
[CH: 50] LEN: 12 | HEX: F9 77 FD F1 FA 77 9C FF 2E A3 B7 DF | T:13796 RPD:0
[CH: 50] LEN: 12 | HEX: F9 77 DE F8 FE 76 9C FB 73 C2 AB FF | T:13807 RPD:1
[CH: 50] LEN: 12 | HEX: F1 77 BB F5 FE 7B 9C F7 7B 65 B5 FE | T:13818 RPD:1
[CH: 50] LEN: 12 | HEX: F9 77 FE FC FE 72 9C FF B6 04 BF FB | T:13819 RPD:1
[CH: 50] LEN: 12 | HEX: F9 77 FD F1 FE 77 9C EB 2E A3 BD FD | T:13830 RPD:1
[CH: 50] LEN: 12 | HEX: F1 77 FE FE F4 70 9E FF CC E7 BE FF | T:13830 RPD:0
[CH: 50] LEN: 12 | HEX: F1 77 BF F9 FE 73 9C FF 7B 65 BF BF | T:13842 RPD:1
[CH: 50] LEN: 12 | HEX: F9 77 DC F9 FE F7 9C FF 2E A3 BE FE | T:13842 RPD:0
[CH: 50] LEN: 12 | HEX: F9 77 FD F7 FD 79 9C FF AA 0A AB FE | T:13853 RPD:1
[CH: 50] LEN: 12 | HEX: F9 77 FE FE F4 70 9C F7 CC E7 BF FF | T:13864 RPD:1
[CH: 50] LEN: 12 | HEX: F9 77 FE FD FE 73 9C FF 7B 65 BF D7 | T:13865 RPD:0
[CH: 50] LEN: 12 | HEX: F1 77 AC F2 FE 74 9C FF 99 21 BF FF | T:13876 RPD:1
[CH: 50] LEN: 12 | HEX: F9 77 FC F4 FE 70 9E FB AC EF FE BB | T:13876 RPD:1
[CH: 50] LEN: 12 | HEX: F9 77 DE 00 00 71 9C FF 73 9E BD EF | T:13901 RPD:1
[CH: 50] LEN: 12 | HEX: F9 77 FD 00 00 71 9C FF 73 9E AF 7A | T:13902 RPD:1
[CH: 50] LEN: 12 | HEX: F8 6D FE 00 F6 FE 95 DE E0 9C BF DE | T:13932 RPD:1
[CH: 50] LEN: 12 | HEX: F5 77 DD 00 00 71 95 EF C9 06 B7 FD | T:14201 RPD:1
[CH: 50] LEN: 12 | HEX: F1 77 FF 00 00 71 95 A5 49 06 BA B5 | T:14202 RPD:1
[CH: 50] LEN: 12 | HEX: F0 6D F6 00 FA FE 95 FF E0 9C BF EB | T:14232 RPD:1
[CH: 50] LEN: 12 | HEX: F8 6D D7 00 FE FE 95 DF 60 9C BD 53 | T:14232 RPD:1
[CH: 50] LEN: 12 | HEX: F1 77 5F 00 00 71 95 D5 C9 06 BF EE | T:14501 RPD:1
[CH: 50] LEN: 12 | HEX: F1 77 FA 00 00 71 95 D6 89 06 AD FF | T:14502 RPD:1
[CH: 50] LEN: 12 | HEX: F8 6D FF 80 FC FE 95 FE 60 9C BF EE | T:14531 RPD:1
[CH: 50] LEN: 12 | HEX: F8 6D FE 80 F6 F6 95 FF E0 9C AF BF | T:14532 RPD:1
[CH: 50] LEN: 12 | HEX: F1 77 EE 00 00 71 95 FD 49 06 BF FF | T:14801 RPD:1
[CH: 50] LEN: 12 | HEX: F1 77 DA 00 00 71 95 DE C9 06 BF FF | T:14801 RPD:1
[CH: 50] LEN: 12 | HEX: F8 6D FF 00 F5 EE 95 FF 60 9C BF FD | T:14831 RPD:1
[CH: 50] LEN: 12 | HEX: F8 6D FF 00 FE FB 95 F6 60 9C BD 7F | T:14832 RPD:1
[CH: 50] LEN: 12 | HEX: F9 77 FE 00 00 71 95 FF C9 06 AF FD | T:15100 RPD:1
[CH: 50] LEN: 12 | HEX: F9 77 BD 80 00 71 95 F7 89 06 AE FF | T:15101 RPD:1
[CH: 50] LEN: 12 | HEX: F8 6D F7 00 FA FE 95 F7 60 9C B5 BD | T:15131 RPD:1
[CH: 50] LEN: 12 | HEX: F8 6D FF 80 FE FD 95 FF 60 9C BF 7E | T:15132 RPD:1
[CH: 50] LEN: 12 | HEX: F9 77 FC 80 00 71 95 D5 A9 06 BD 4D | T:15400 RPD:1
[CH: 50] LEN: 12 | HEX: F9 77 FF 00 00 71 95 FE A9 06 BB 6D | T:15401 RPD:1
[CH: 50] LEN: 12 | HEX: F8 6D FB 00 FE FE 95 FE 60 9C BF FF | T:15431 RPD:1
[CH: 50] LEN: 12 | HEX: F8 6D FF 00 FE F6 95 FF 60 9C BF D6 | T:15431 RPD:1
[CH: 50] LEN: 12 | HEX: F9 77 FD 80 00 71 95 FF A9 06 BF FF | T:15700 RPD:1
[CH: 50] LEN: 12 | HEX: F1 77 DD 00 00 71 95 EF 49 06 AD 77 | T:15701 RPD:1
[CH: 50] LEN: 12 | HEX: F8 6D FF 00 FE FE 95 FE E0 9C BF 77 | T:15730 RPD:1
[CH: 50] LEN: 12 | HEX: F8 6D F6 80 FC FB 95 FE 60 9C AC F5 | T:15731 RPD:1
[CH: 50] LEN: 12 | HEX: FA 76 FF 00 8C EE 95 ED BC 73 AF F7 | T:15954 RPD:1
[CH: 50] LEN: 12 | HEX: FA 76 FF 00 8C FE 95 B5 38 73 BF FF | T:15955 RPD:1
[CH: 50] LEN: 12 | HEX: F2 76 F4 FC 73 DD 95 F7 42 8E AF FF | T:15985 RPD:1
[CH: 50] LEN: 12 | HEX: FA 76 FE F9 70 F6 95 FE B7 80 AF 7E | T:15989 RPD:1
[CH: 50] LEN: 12 | HEX: F2 76 FF F3 76 F4 95 DE DD 9E BE BF | T:15996 RPD:1
[CH: 50] LEN: 12 | HEX: FA 76 F6 F2 77 FD 95 F7 41 79 BF FF | T:16000 RPD:1
[CH: 50] LEN: 12 | HEX: FA 76 FE F9 74 FA 95 EF F4 77 BF FF | T:16011 RPD:1
[CH: 50] LEN: 12 | HEX: FA 76 FE F8 75 FF 95 FF 28 92 BF FE | T:16011 RPD:1
[CH: 50] LEN: 12 | HEX: FA 76 FE F7 7A F6 95 D5 59 85 AF F5 | T:16022 RPD:1
[CH: 50] LEN: 12 | HEX: F2 76 FE F6 7B FC 95 FE C5 60 BF AF | T:16023 RPD:1
[CH: 50] LEN: 12 | HEX: FA 76 FE F5 78 FE 95 FF 30 6E BF F4 | T:16046 RPD:1
[CH: 50] LEN: 12 | HEX: F2 76 FE F4 79 FE 95 FF AC 8B BF EF | T:16076 RPD:1
[CH: 50] LEN: 12 | HEX: FA 7E FE F3 7E F6 95 FF 7A 72 AB FF | T:16106 RPD:1
[CH: 50] LEN: 12 | HEX: FA 76 EE F2 7F FE 95 FF 06 97 3A F7 | T:16136 RPD:1
[CH: 50] LEN: 12 | HEX: EA 76 F6 F1 74 FE 95 FF 73 99 AF F6 | T:16166 RPD:1
[CH: 50] LEN: 12 | HEX: F2 76 FE F0 7D FD 95 DD 2E 7C BF FD | T:16196 RPD:1
[CH: 50] LEN: 12 | HEX: FA 76 FE EF 62 FE 95 FF 01 96 BF FF | T:16226 RPD:1
[CH: 50] LEN: 12 | HEX: F2 76 FE EE 63 FF 95 FF 7D 73 BF DE | T:16256 RPD:1
[CH: 50] LEN: 12 | HEX: FA 76 FE ED 60 FE 95 F6 A8 7D AF FF | T:16286 RPD:1
[CH: 50] LEN: 12 | HEX: F2 76 FE EC 61 FC 95 FF 74 98 BF FE | T:16316 RPD:1
[CH: 50] LEN: 12 | HEX: FA 76 FF EB 66 FE 95 ED 42 61 AA 9B | T:16346 RPD:1
[CH: 50] LEN: 12 | HEX: FA 76 FE EA 67 BA 95 EF 1E 84 BD DF | T:16375 RPD:1
[CH: 50] LEN: 12 | HEX: F2 76 FE E9 64 FE 95 EF AB 8A B7 7F | T:16405 RPD:1
[CH: 50] LEN: 12 | HEX: FA 7E FF E8 65 EE 95 FF 37 6F AD FF | T:16435 RPD:1
[CH: 50] LEN: 12 | HEX: FA 76 F6 E7 6A F6 95 F7 46 78 AB DB | T:16465 RPD:1
[CH: 50] LEN: 12 | HEX: FA 76 FE E6 6B FD 95 EF DA 9D BF FF | T:16495 RPD:1
[CH: 50] LEN: 12 | HEX: F2 76 FA E5 68 EC 95 F7 AF 13 AB FF | T:16525 RPD:1
[CH: 50] LEN: 12 | HEX: FA 76 FE E4 69 FE 95 FF AB 76 BD E7 | T:16555 RPD:1
[CH: 50] LEN: 12 | HEX: FA 76 FA E3 6E F5 95 FB 45 8F 7F 75 | T:16585 RPD:1
[CH: 50] LEN: 12 | HEX: FA 76 FA E2 6F FA 95 DD 99 6A BF 7D | T:16615 RPD:1
[CH: 50] LEN: 12 | HEX: F2 76 F6 E1 6C FE 95 DF 6C 64 BF F7 | T:16645 RPD:1
[CH: 50] LEN: 12 | HEX: F2 76 FE E0 6D FE 95 FF 70 81 AF 7F | T:16675 RPD:1
[CH: 50] LEN: 12 | HEX: FA 76 FE DF 52 F4 95 EA A1 91 B7 BF | T:16705 RPD:1
[CH: 50] LEN: 12 | HEX: F2 76 FE FC 73 FE 95 EF C2 8E B7 F7 | T:16735 RPD:1
[CH: 50] LEN: 12 | HEX: FA 76 FE FD 70 FE 95 F7 77 80 AF EE | T:16739 RPD:1
[CH: 50] LEN: 12 | HEX: FA 76 FE F4 79 FE 95 FE 6B 65 AB 7B | T:16743 RPD:1
[CH: 50] LEN: 12 | HEX: FA 76 FE FB 76 FE 95 FE 5D 9C BE FF | T:16754 RPD:1
[CH: 50] LEN: 12 | HEX: F2 76 FE F2 77 FF 95 F5 81 79 AB E9 | T:16754 RPD:1
[CH: 50] LEN: 12 | HEX: F2 76 F6 E9 74 EC 95 EF 74 77 BD EE | T:16766 RPD:1
[CH: 50] LEN: 12 | HEX: F2 76 FE F0 75 FF 95 FF 28 92 AF FE | T:16766 RPD:0
[CH: 50] LEN: 12 | HEX: FA 76 FE F7 7A FE 95 FF 59 85 AF FD | T:16777 RPD:0
[CH: 50] LEN: 12 | HEX: FA 76 FE F5 78 FE 95 F6 B0 6E BD F7 | T:16796 RPD:1
[CH: 50] LEN: 12 | HEX: F2 76 F6 F4 71 FE 95 DE AC 8B BF B7 | T:16826 RPD:1
[CH: 50] LEN: 12 | HEX: FA 76 FE F3 7E FE 95 DA DA 72 BF FE | T:16856 RPD:1
[CH: 50] LEN: 12 | HEX: FA 76 FE E2 7F AE 95 EE 06 97 BF FF | T:16886 RPD:1
[CH: 50] LEN: 12 | HEX: F2 76 FE F1 7C FE 95 FF 73 99 BD DF | T:16916 RPD:1
[CH: 50] LEN: 12 | HEX: FA 76 FE F0 7D FE 95 FF 6F 7C BA DE | T:16946 RPD:1
[CH: 50] LEN: 12 | HEX: FA 76 F6 EF 62 F6 95 F6 81 96 BD EF | T:16976 RPD:1
[CH: 50] LEN: 12 | HEX: EE 76 FA EE 63 ED 95 FF 5D 73 AF 7D | T:17006 RPD:1
[CH: 50] LEN: 12 | HEX: F2 76 FE ED 60 F6 95 EB 68 79 AF DB | T:17036 RPD:1
[CH: 50] LEN: 12 | HEX: FA 76 FE EC 61 EE 95 FF 74 98 BF 7F | T:17066 RPD:1
[CH: 50] LEN: 12 | HEX: F2 76 FE EB 66 FC 95 EE 42 61 BB F4 | T:17096 RPD:1
[CH: 50] LEN: 12 | HEX: F2 76 FC EA 67 FD 95 FF 9E 84 BF FA | T:17126 RPD:1
[CH: 50] LEN: 12 | HEX: F2 76 F6 E8 65 DC 95 FE B7 6F 2E FF | T:17186 RPD:1
[CH: 50] LEN: 12 | HEX: FA 76 FE E7 6A FE 95 FE C6 78 AD FA | T:17216 RPD:1
[CH: 50] LEN: 12 | HEX: F2 76 F6 E5 68 D4 95 AD AD 13 4A AB | T:17276 RPD:1
[CH: 50] LEN: 12 | HEX: FA 76 FE E4 69 DE 95 FE F3 76 BD FF | T:17306 RPD:1
[CH: 50] LEN: 12 | HEX: F2 76 FE E3 6E FA 95 FE 85 8F BF FF | T:17336 RPD:1
[CH: 50] LEN: 12 | HEX: F2 76 FE F2 6F 75 95 EB 19 6A AF FA | T:17366 RPD:1
[CH: 50] LEN: 12 | HEX: F6 76 FE E1 6C F6 95 FF EC 64 BF FF | T:17396 RPD:1
[CH: 50] LEN: 12 | HEX: F2 76 EA DF 52 F4 95 FF 21 91 BF FB | T:17456 RPD:1
[CH: 50] LEN: 12 | HEX: FA 76 F6 F4 73 DC 95 DD 02 8E BF F7 | T:17486 RPD:1
[CH: 50] LEN: 12 | HEX: FA 76 FE FD 70 FD 95 F6 B7 80 AF FF | T:17489 RPD:1
[CH: 50] LEN: 12 | HEX: F6 76 FE FC 71 FE 95 EB 6B 65 AD FF | T:17493 RPD:1
[CH: 50] LEN: 12 | HEX: FA 76 FE FB 76 FE 95 FF 5D 9C AB FF | T:17505 RPD:1
[CH: 50] LEN: 12 | HEX: F2 76 FB EA 77 FE 95 FE 81 79 BF EF | T:17505 RPD:1
[CH: 50] LEN: 12 | HEX: F2 76 F6 F9 74 FA 95 FE B4 77 BE DE | T:17516 RPD:1
[CH: 50] LEN: 12 | HEX: FA 76 FE F0 75 FA 95 F6 28 92 AB FD | T:17517 RPD:0
[CH: 50] LEN: 12 | HEX: F2 76 F6 F7 7A FE 95 EF 99 85 AB F7 | T:17528 RPD:0
[CH: 50] LEN: 12 | HEX: FA 76 FE F5 78 EE 95 FE B0 6E BB FF | T:17546 RPD:1
[CH: 50] LEN: 12 | HEX: FA 76 FE F4 79 EE 95 FE EC 8B AF BF | T:17576 RPD:1
[CH: 50] LEN: 12 | HEX: FA 76 F6 F3 7A FE 95 FF BA 72 BF BB | T:17606 RPD:1
[CH: 50] LEN: 12 | HEX: EA 76 FE F2 77 BE 95 EF 06 97 AF FB | T:17636 RPD:1
[CH: 50] LEN: 12 | HEX: EA 76 FE F1 78 EE 95 EE 73 99 BD FF | T:17666 RPD:1
[CH: 50] LEN: 12 | HEX: FA 76 FC F0 7D FE 95 F7 6F 7C AD AA | T:17696 RPD:1
[CH: 50] LEN: 12 | HEX: F6 76 F4 EF 62 FA 95 F6 81 96 BE BF | T:17726 RPD:1
[CH: 50] LEN: 12 | HEX: FA 76 F6 EE 63 DE 95 FF DD 73 AE FD | T:17756 RPD:1
[CH: 50] LEN: 12 | HEX: FA 76 FE ED 60 FE 95 FF 68 79 BF EA | T:17786 RPD:1
[CH: 50] LEN: 12 | HEX: F6 76 FE EC 61 EE 95 ED F4 98 BF FF | T:17815 RPD:1
[CH: 50] LEN: 12 | HEX: FA 76 FE EB 66 F6 95 EE C2 61 BF FD | T:17845 RPD:1
[CH: 50] LEN: 12 | HEX: FA 76 FE EA 67 FA 95 EF 5E 84 BD FF | T:17875 RPD:1
[CH: 50] LEN: 12 | HEX: FA 76 FE E9 64 FE 95 F6 AB 8A BF FF | T:17905 RPD:1
[CH: 50] LEN: 12 | HEX: F6 76 F5 E8 65 FA 95 FA 37 6F AF FF | T:17935 RPD:1
[CH: 50] LEN: 12 | HEX: FA 76 FE E7 6A EE 95 FF 46 78 AF FF | T:17965 RPD:1
[CH: 50] LEN: 12 | HEX: F2 76 FE E6 6B FB 95 EF 5A 9D AB DF | T:17995 RPD:1
[CH: 50] LEN: 12 | HEX: FA 76 FC E5 68 FE 95 D5 2E 93 BD EF | T:18025 RPD:1
[CH: 50] LEN: 12 | HEX: F6 76 F6 E4 69 F6 95 ED 73 76 AF FE | T:18055 RPD:1
[CH: 50] LEN: 12 | HEX: F2 76 FE E3 6E F6 95 FF 45 8F AF 77 | T:18085 RPD:1
[CH: 50] LEN: 12 | HEX: EA 76 FE E2 6F F4 95 DE 19 6A AF EF | T:18115 RPD:1
[CH: 50] LEN: 12 | HEX: F2 76 FE E1 6C FE 95 EF 6C 64 AB FD | T:18145 RPD:1
[CH: 50] LEN: 12 | HEX: F2 76 FE E0 6D F6 95 FB 70 81 BD FF | T:18175 RPD:1
[CH: 50] LEN: 12 | HEX: F2 76 FE DF 52 FE 95 FF 21 91 BF FF | T:18205 RPD:1
[CH: 50] LEN: 12 | HEX: F2 76 FE FC 73 FD 95 FE 82 8E BE DB | T:18235 RPD:1
[CH: 50] LEN: 12 | HEX: F2 76 FE FD 78 FE 95 DF F7 80 BB EE | T:18239 RPD:1
[CH: 50] LEN: 12 | HEX: FA 76 FE FA 71 FE 95 FF 6B 65 BF BE | T:18243 RPD:1
[CH: 50] LEN: 12 | HEX: F2 76 FE FB 76 FC 95 FE DD 9C AF FF | T:18254 RPD:1
[CH: 50] LEN: 12 | HEX: F6 76 FE F2 77 B4 95 FD 01 71 BE DF | T:18255 RPD:0
[CH: 50] LEN: 12 | HEX: FA 76 FA F9 74 FE 95 FF A4 77 AB FD | T:18266 RPD:1
[CH: 50] LEN: 12 | HEX: F2 76 FE F8 75 FE 95 FF 28 92 AF FF | T:18266 RPD:0
[CH: 50] LEN: 12 | HEX: F2 76 FE F7 7A FA 95 FF 99 85 B7 EF | T:18277 RPD:0
[CH: 50] LEN: 12 | HEX: FA 76 FE F5 78 FE 95 FE 30 6E BF F0 | T:18296 RPD:1
[CH: 50] LEN: 12 | HEX: F2 76 FE E4 79 FE 95 EE AC 8B AB FE | T:18326 RPD:1
[CH: 50] LEN: 12 | HEX: F2 76 F6 F3 7A FE 95 D7 5A 72 B7 FB | T:18356 RPD:1
[CH: 50] LEN: 12 | HEX: FA 76 FE F2 7F FE 95 FF 86 97 BF FD | T:18386 RPD:1
[CH: 50] LEN: 12 | HEX: F2 76 FE F1 7C FE 95 EE F3 99 AB FB | T:18416 RPD:1
[CH: 50] LEN: 12 | HEX: FA 76 F6 F0 7D FE 95 EE AF 7C AF FF | T:18446 RPD:1
[CH: 50] LEN: 12 | HEX: F2 76 FE EF 62 FA 95 EE 81 96 AD FB | T:18476 RPD:1
[CH: 50] LEN: 12 | HEX: F2 76 F6 EE 63 FD 95 FE 9D 73 BE EF | T:18506 RPD:1
[CH: 50] LEN: 12 | HEX: F2 76 FE ED 60 FE 95 FE E8 7D AF FA | T:18536 RPD:1
[CH: 50] LEN: 12 | HEX: F2 76 ED EB 66 F6 95 F6 42 61 B5 54 | T:18596 RPD:1
[CH: 50] LEN: 12 | HEX: F2 76 FA EA 67 FD 95 FD 1C 84 BE FF | T:18626 RPD:1
[CH: 50] LEN: 12 | HEX: F2 76 FA E9 64 FE 95 FE EB 8A AD 7E | T:18656 RPD:1
[CH: 50] LEN: 12 | HEX: F6 76 FD E8 65 FD 95 F7 37 6F BF 8A | T:18686 RPD:1
[CH: 50] LEN: 12 | HEX: FA 76 FE E7 6A FE 95 F7 46 78 BF FF | T:18716 RPD:1
[CH: 50] LEN: 12 | HEX: FA 76 F4 E5 68 FE 95 ED 2F 93 BE AF | T:18776 RPD:1
[CH: 50] LEN: 12 | HEX: FA 76 FE E4 69 DC 95 FE B3 76 AE FF | T:18806 RPD:1
[CH: 50] LEN: 12 | HEX: F2 76 F6 E3 6E FE 95 EF 85 8F BF FF | T:18836 RPD:1
[CH: 50] LEN: 12 | HEX: F2 76 F6 E2 6F 7D 95 FF 99 6A AF BF | T:18866 RPD:1
[CH: 50] LEN: 12 | HEX: FA 76 FA E1 6C FE 95 EE EC 64 AF AF | T:18896 RPD:1
[CH: 50] LEN: 12 | HEX: FA 76 FE E0 6D FE 95 FF 70 81 BF D6 | T:18926 RPD:1
[CH: 50] LEN: 12 | HEX: F2 76 FE DE D2 FE 95 FE A1 91 AB FF | T:18956 RPD:1
[CH: 50] LEN: 12 | HEX: F6 76 FE FE 73 DD 95 FF 42 8E AF FF | T:18986 RPD:1
[CH: 50] LEN: 12 | HEX: FA 76 FE FD 70 EC 95 FE F7 80 AB FF | T:18989 RPD:1
[CH: 50] LEN: 12 | HEX: F2 76 EE FC 71 F6 95 FD EB 65 BE BB | T:18993 RPD:1
[CH: 50] LEN: 12 | HEX: FA 76 F4 F3 76 FA 95 EE 5D 9C BB FD | T:19005 RPD:1
[CH: 50] LEN: 12 | HEX: F2 76 F6 F2 77 B4 95 EF 01 79 BF F7 | T:19005 RPD:0
[CH: 50] LEN: 12 | HEX: FA 76 FE F1 74 FE 95 FE B4 77 AF 7F | T:19016 RPD:1
[CH: 50] LEN: 12 | HEX: F6 76 FE F8 75 FE 95 DE A8 92 AF F7 | T:19017 RPD:0
[CH: 50] LEN: 12 | HEX: FA 76 FA F7 7A FE 95 FE 99 85 BF FF | T:19028 RPD:0
[CH: 50] LEN: 12 | HEX: FA 76 FA F5 78 FE 95 FE B0 6E B7 FF | T:19045 RPD:1
[CH: 50] LEN: 12 | HEX: F2 76 FE F3 7E FE 95 FF 5A 72 AF FF | T:19105 RPD:1
[CH: 50] LEN: 12 | HEX: FA 76 FE F2 7F D6 95 EE 06 97 AB DF | T:19135 RPD:1
[CH: 50] LEN: 12 | HEX: F2 76 FB F1 7C F6 95 FE F3 99 AE FF | T:19165 RPD:1
[CH: 50] LEN: 12 | HEX: F2 76 F6 E0 7D FE 95 FF 6F 7A B7 FF | T:19195 RPD:1
[CH: 50] LEN: 12 | HEX: FA 76 FE EF 62 FE 95 DA 01 96 AB 7E | T:19225 RPD:1
[CH: 50] LEN: 12 | HEX: F2 76 FE EE 63 AC 95 FE 9D 73 B5 FF | T:19255 RPD:1
[CH: 50] LEN: 12 | HEX: FA 76 FE ED 60 F6 95 D6 68 7D BF FE | T:19284 RPD:1
[CH: 50] LEN: 12 | HEX: FA 76 FE EC 61 FE 95 FF F4 98 AB FB | T:19314 RPD:1
[CH: 50] LEN: 12 | HEX: FA 76 FE EB 66 FE 95 FF 42 61 AF EF | T:19344 RPD:1
[CH: 50] LEN: 12 | HEX: FA 76 EE EA 67 BD 95 EF 5E 84 BF DF | T:19374 RPD:1
[CH: 50] LEN: 12 | HEX: FA 76 FE E9 64 FE 95 FF AB 8A AF DE | T:19404 RPD:1
[CH: 50] LEN: 12 | HEX: F2 76 FE E8 65 EA 95 FE B7 6F 2F BF | T:19434 RPD:1
[CH: 50] LEN: 12 | HEX: FA 76 F6 E7 6A F4 95 EF 46 78 BD FF | T:19464 RPD:1
[CH: 50] LEN: 12 | HEX: F6 76 EA E6 6B DE 95 DE DA 9D BF FF | T:19494 RPD:1
[CH: 50] LEN: 12 | HEX: FA 76 FC E5 68 F6 95 FF AE 93 AF BE | T:19524 RPD:1
[CH: 50] LEN: 12 | HEX: FA 76 F4 E4 69 FE 95 FE F3 76 BF FE | T:19554 RPD:1
[CH: 50] LEN: 12 | HEX: FA 76 FE E3 6E FE 95 EE C5 8F AE DF | T:19584 RPD:1
[CH: 50] LEN: 12 | HEX: FA 76 FA E2 6F F4 95 BA 99 6A BE BF | T:19614 RPD:1
[CH: 50] LEN: 12 | HEX: F6 76 FE E1 6C F6 95 FE EC 64 BF DB | T:19644 RPD:1
[CH: 50] LEN: 12 | HEX: FA 76 FE E0 6D FE 95 EF 70 81 BF FF | T:19674 RPD:1
[CH: 50] LEN: 12 | HEX: EA 76 FE DF 52 F6 95 EE A1 91 BD DF | T:19704 RPD:1
[CH: 50] LEN: 12 | HEX: F2 76 FE FE 73 DA 95 EF C2 8E BF DF | T:19734 RPD:1
[CH: 50] LEN: 12 | HEX: FA 76 FE FD 70 FD 95 F5 B7 00 AB FD | T:19738 RPD:1
[CH: 50] LEN: 12 | HEX: F2 76 FE FC 71 FE 95 EF 6B 65 AF DE | T:19741 RPD:1
[CH: 50] LEN: 12 | HEX: EE 76 F5 EB 76 F6 95 FE DD 9C AF BF | T:19752 RPD:1
[CH: 50] LEN: 12 | HEX: F6 76 F6 FA 77 DF 95 FF C1 79 BF FB | T:19752 RPD:1
[CH: 50] LEN: 12 | HEX: F2 76 FE F1 74 FE 95 EF 74 77 AF 7F | T:19764 RPD:1
[CH: 50] LEN: 12 | HEX: FA 76 FE F0 75 FE 95 F6 28 92 BE F5 | T:19764 RPD:0
[CH: 50] LEN: 12 | HEX: F2 76 FE F7 7A FE 95 EE 99 85 AF 7F | T:19775 RPD:0
[CH: 50] LEN: 12 | HEX: FA 76 FE F5 78 FE 95 FE B0 6E AF FF | T:19794 RPD:1
[CH: 50] LEN: 12 | HEX: FA 76 FE F4 71 EE 95 EF 6C 8B BA FD | T:19824 RPD:1
[CH: 50] LEN: 12 | HEX: EE 76 FE F3 75 FE 95 FF 5A 72 AE FF | T:19854 RPD:1
[CH: 50] LEN: 12 | HEX: F6 76 F5 F2 7D FE 95 DD 06 97 BF EB | T:19884 RPD:1
[CH: 50] LEN: 12 | HEX: FA 76 F6 F1 7C FE 95 EF 73 99 B7 7F | T:19914 RPD:1
[CH: 50] LEN: 12 | HEX: F2 76 FE F0 7D F6 95 FE AE 78 BF FD | T:19944 RPD:1
[CH: 50] LEN: 12 | HEX: FA 76 FA EF 62 FE 95 FE 81 96 BF 6F | T:19974 RPD:1
[CH: 50] LEN: 12 | HEX: FA 76 FE EE 63 FE 95 FF 5D 73 BF FF | T:20004 RPD:1
[CH: 50] LEN: 12 | HEX: F2 76 F6 ED 60 F5 95 FE A8 77 AF F7 | T:20034 RPD:1
[CH: 50] LEN: 12 | HEX: F2 76 F6 EB 66 F5 95 FE C2 61 AD BF | T:20094 RPD:1
[CH: 50] LEN: 12 | HEX: F2 76 F6 EA 67 AC 95 EF DE 84 BD BF | T:20124 RPD:1
[CH: 50] LEN: 12 | HEX: FA 76 FE E9 64 FE 95 D5 5B 8A AF F7 | T:20154 RPD:1
[CH: 50] LEN: 12 | HEX: F2 76 FA E8 65 FE 95 F7 B7 6F 2F 6F | T:20184 RPD:1
[CH: 50] LEN: 12 | HEX: FA 76 FD E7 6A FE 95 FF 46 78 BF 7F | T:20214 RPD:1
[CH: 50] LEN: 12 | HEX: FA 76 FE E6 6B FD 95 F6 DA 9D BE ED | T:20244 RPD:1
[CH: 50] LEN: 12 | HEX: F2 76 F6 E5 68 D4 95 D5 2E 13 3B 5F | T:20274 RPD:1
[CH: 50] LEN: 12 | HEX: F6 76 F5 E4 69 F6 95 EF F3 76 BF FA | T:20304 RPD:1
[CH: 50] LEN: 12 | HEX: F2 76 FA E3 6E FC 95 FF 45 8F 2A DF | T:20334 RPD:1
[CH: 50] LEN: 12 | HEX: EA 76 FE E2 6F 5E 95 FF 19 6A AF 7F | T:20364 RPD:1
[CH: 50] LEN: 12 | HEX: FA 76 FE E1 6C FE 95 F5 6C 64 AF FE | T:20394 RPD:1
[CH: 50] LEN: 12 | HEX: EA 76 FE E0 6D EE 95 DF B0 81 BD FF | T:20424 RPD:1
[CH: 50] LEN: 12 | HEX: F2 76 EA DF 52 EE 95 FE A1 91 BF FF | T:20454 RPD:1
[CH: 50] LEN: 12 | HEX: F2 76 FE FE 73 DE 95 EF 42 8E AF 7F | T:20484 RPD:1
[CH: 50] LEN: 12 | HEX: FA 76 F6 FB 70 FE 95 FF 37 80 AF FE | T:20487 RPD:1
[CH: 50] LEN: 12 | HEX: FA 76 F5 FC 71 FE 95 EF 6B 65 AF FF | T:20491 RPD:1
[CH: 50] LEN: 12 | HEX: FA 76 FE FB 76 FE 95 F6 DD 9C AF 67 | T:20503 RPD:1
[CH: 50] LEN: 12 | HEX: FA 76 F6 F6 77 7E 95 DD 01 79 AF EF | T:20503 RPD:0
[CH: 50] LEN: 12 | HEX: F2 76 FE F1 74 FE 95 EF 54 77 BB 7D | T:20514 RPD:1
[CH: 50] LEN: 12 | HEX: F2 76 F6 F4 75 EE 95 FF 28 92 AF F7 | T:20514 RPD:0
[CH: 50] LEN: 12 | HEX: FA 76 FE F7 7A FA 95 FE 99 85 AF 7F | T:20526 RPD:0
[CH: 50] LEN: 12 | HEX: FA 76 FE F5 78 FE 95 FF 30 6E BE FE | T:20543 RPD:1
[CH: 50] LEN: 12 | HEX: EA 76 F5 F4 79 EE 95 ED 6C 8B AF BD | T:20573 RPD:1
[CH: 50] LEN: 12 | HEX: FA 76 FE F3 7E FE 95 EF 5A 72 BD FF | T:20603 RPD:1
[CH: 50] LEN: 12 | HEX: FA 76 EA F2 7B AE 95 FD 86 97 BD FF | T:20633 RPD:1
[CH: 50] LEN: 12 | HEX: F2 76 FE F1 7C F5 95 F7 73 99 A5 F7 | T:20663 RPD:1
[CH: 50] LEN: 12 | HEX: FA 76 FE F0 7D FE 95 EE EF 7C BF FF | T:20693 RPD:1
[CH: 50] LEN: 12 | HEX: FA 76 F6 EF 62 FE 95 EB 01 96 BF BF | T:20723 RPD:1
[CH: 50] LEN: 12 | HEX: FA 76 FE EE 63 FD 95 FF 5D 73 BE DF | T:20753 RPD:1
[CH: 50] LEN: 12 | HEX: FA 76 FE ED 60 F6 95 FE E8 75 AF FD | T:20783 RPD:1
[CH: 50] LEN: 12 | HEX: F2 76 FE EC 61 DC 95 FE F4 98 BF FF | T:20813 RPD:1
[CH: 50] LEN: 12 | HEX: FA 76 F6 EB 66 FE 95 EB 42 61 BD 42 | T:20843 RPD:1
[CH: 50] LEN: 12 | HEX: F2 76 FE EA 67 5D 95 EB 9E 84 AF FE | T:20873 RPD:1
[CH: 50] LEN: 12 | HEX: FA 76 FE E9 64 FE 95 FF 6B 8A AF EF | T:20903 RPD:1
[CH: 50] LEN: 12 | HEX: F2 76 F5 E8 65 F6 95 FE 37 6F 3F 5A | T:20933 RPD:1
[CH: 50] LEN: 12 | HEX: F2 76 F6 E7 6A FE 95 EE 86 78 BB EE | T:20963 RPD:1
[CH: 50] LEN: 12 | HEX: FA 76 FE E6 6B D6 95 FF 5A 9D AB FA | T:20993 RPD:1
[CH: 50] LEN: 12 | HEX: F2 76 FE E5 68 FE 95 F6 AF 53 BD 7F | T:21023 RPD:1
[CH: 50] LEN: 12 | HEX: F2 76 FA E4 69 FE 95 F7 F3 76 AD FE | T:21053 RPD:1
[CH: 50] LEN: 12 | HEX: FA 76 F6 E3 6E FA 95 FF 45 8E BF DF | T:21083 RPD:1
[CH: 50] LEN: 12 | HEX: FA 76 F6 E2 6F FE 95 FE 99 6A BF AE | T:21113 RPD:1
[CH: 50] LEN: 12 | HEX: EA 76 FE E1 6C F6 95 FE EC 64 AF FF | T:21143 RPD:1
[CH: 50] LEN: 12 | HEX: F2 76 FE E0 6D EE 95 EB 70 81 BF FF | T:21173 RPD:1
[CH: 50] LEN: 12 | HEX: F2 76 F6 DE 52 FE 95 FE 21 91 AF F3 | T:21203 RPD:1
[CH: 50] LEN: 12 | HEX: F2 76 FA F6 73 FA 95 F7 42 8E BF 6B | T:21233 RPD:1
[CH: 50] LEN: 12 | HEX: F6 76 F4 FF 70 FE 95 FE B7 80 B5 77 | T:21237 RPD:1
[CH: 50] LEN: 12 | HEX: F2 76 F6 FE 71 FD 95 F7 6B 65 BD 7F | T:21241 RPD:1
[CH: 50] LEN: 12 | HEX: F2 76 FE FB 76 FE 95 FE 5D 9C BB FB | T:21252 RPD:1
[CH: 50] LEN: 12 | HEX: F2 76 FE FA 77 D6 95 D5 01 71 AA EA | T:21252 RPD:0
[CH: 50] LEN: 12 | HEX: FA 76 F6 F1 74 FA 95 EF 74 77 AF F7 | T:21264 RPD:1
[CH: 50] LEN: 12 | HEX: F2 76 FF F8 75 FE 95 FF 28 92 AF FF | T:21264 RPD:0
[CH: 50] LEN: 12 | HEX: EA 76 FE E7 7A EC 95 EF 19 85 AB B5 | T:21275 RPD:0
[CH: 50] LEN: 12 | HEX: F2 76 F6 F5 78 FE 95 ED B0 6E BF FF | T:21293 RPD:1
[CH: 50] LEN: 12 | HEX: FA 76 FE F4 79 FE 95 D6 AC 8B 2E FF | T:21323 RPD:1
[CH: 50] LEN: 12 | HEX: FA 76 FE F3 7E F6 95 FF 5A 72 AF FD | T:21353 RPD:1
[CH: 50] LEN: 12 | HEX: F2 76 EE F2 7F AE 95 FE 86 97 AB FA | T:21383 RPD:1
[CH: 50] LEN: 12 | HEX: FA 76 F6 F1 78 FE 95 EE F3 99 BF BF | T:21413 RPD:1
[CH: 50] LEN: 12 | HEX: F2 76 EE F0 7D EC 95 FE EF 78 BB FF | T:21443 RPD:1
[CH: 50] LEN: 12 | HEX: F2 76 F6 EF 62 FE 95 FF 81 96 BE FB | T:21473 RPD:1
[CH: 50] LEN: 12 | HEX: F2 7E F6 EE 63 FA 95 DD DD 73 AF FF | T:21503 RPD:1
[CH: 50] LEN: 12 | HEX: FA 76 F6 ED 60 F4 95 DD 28 75 BF AB | T:21533 RPD:1
[CH: 50] LEN: 12 | HEX: F2 76 F6 FC 61 FE 95 FE F4 98 BA B7 | T:21563 RPD:1
[CH: 50] LEN: 12 | HEX: FA 76 FA EB 66 F6 95 FE C2 61 AF FF | T:21593 RPD:1
[CH: 50] LEN: 12 | HEX: FA 76 F5 EA 67 AD 95 D7 1D 84 AE FF | T:21623 RPD:1
[CH: 50] LEN: 12 | HEX: EA 76 F6 E9 64 FD 95 FF 6B 8A AF F7 | T:21653 RPD:1
[CH: 50] LEN: 12 | HEX: FA 76 FE E8 65 EE 95 EE B7 6F 3F DF | T:21683 RPD:1
[CH: 50] LEN: 12 | HEX: FA 76 FA E7 6A FE 95 F7 06 78 AD FD | T:21713 RPD:1
[CH: 50] LEN: 12 | HEX: FA 76 FE E5 68 F6 95 D4 2E 93 5F A6 | T:21773 RPD:1
[CH: 50] LEN: 12 | HEX: F2 76 FE E4 69 FE 95 FF A3 76 BF FF | T:21803 RPD:1
[CH: 50] LEN: 12 | HEX: FA 76 FA E3 6E FC 95 FE 85 8F BF FF | T:21833 RPD:1
[CH: 50] LEN: 12 | HEX: F2 76 FE E2 6F F4 95 F6 19 6A AF FF | T:21863 RPD:1
[CH: 50] LEN: 12 | HEX: FA 76 F6 E1 6C F6 95 DD EC 64 BD BF | T:21893 RPD:1
[CH: 50] LEN: 12 | HEX: FA 76 F6 E0 6D FE 95 F7 B0 81 AF F7 | T:21923 RPD:1
[CH: 50] LEN: 12 | HEX: F2 76 F6 DF 52 F6 95 D4 A1 91 AE AD | T:21953 RPD:1
[CH: 50] LEN: 12 | HEX: F2 76 FA FE 73 FE 95 FE 82 8E AF BA | T:21982 RPD:1
[CH: 50] LEN: 12 | HEX: EE 76 FA FD 70 FE 95 EF 37 80 AF 77 | T:21986 RPD:1
[CH: 50] LEN: 12 | HEX: F2 76 FE FA 71 F6 95 FE EB 65 BF DF | T:21990 RPD:1
[CH: 50] LEN: 12 | HEX: FA 76 FE F3 76 FD 95 FE DD 9C AF FF | T:22001 RPD:1
[CH: 50] LEN: 12 | HEX: F2 76 FE F2 77 DE 95 EF 81 79 AA FF | T:22002 RPD:1
[CH: 50] LEN: 12 | HEX: FA 76 FE F1 74 FE 95 DF F4 77 AB F7 | T:22013 RPD:1
[CH: 50] LEN: 12 | HEX: FA 76 EC F0 75 FC 95 FE A8 92 BF FF | T:22013 RPD:0
[CH: 50] LEN: 12 | HEX: FA 76 FE F7 7A F4 95 FF 59 85 BE BD | T:22025 RPD:1
[CH: 50] LEN: 12 | HEX: FA 76 FE EE 73 FA 95 EE C5 60 BF EE | T:22025 RPD:1
[CH: 50] LEN: 12 | HEX: FA 76 FA F5 78 FE 95 FF 30 6E AB DD | T:22044 RPD:1
[CH: 50] LEN: 12 | HEX: FA 76 FE F4 79 FC 95 FE AC 8B BF EF | T:22074 RPD:1
[CH: 50] LEN: 12 | HEX: F2 76 F6 F3 7A F6 95 FE 9A 72 BF DF | T:22104 RPD:1
[CH: 50] LEN: 12 | HEX: FA 76 FE E2 77 BE 95 FE 06 97 2F FD | T:22134 RPD:1
[CH: 50] LEN: 12 | HEX: FA 76 FE F1 7C FE 95 F7 73 99 BF DF | T:22164 RPD:1
[CH: 50] LEN: 12 | HEX: F2 76 FE F0 75 FD 95 D5 2E 68 AF FB | T:22194 RPD:1
[CH: 50] LEN: 12 | HEX: F2 76 F4 EF 62 FE 95 DC 01 96 AF FF | T:22224 RPD:1
[CH: 50] LEN: 12 | HEX: FA 76 FE EE 63 DD 95 FF FD 73 BF FF | T:22254 RPD:1
[CH: 50] LEN: 12 | HEX: FA 76 F6 ED 60 F5 95 FF E8 7D BF 7F | T:22284 RPD:1
[CH: 50] LEN: 12 | HEX: FA 76 F5 EC 61 FE 95 ED 74 98 AF FF | T:22314 RPD:1
[CH: 50] LEN: 12 | HEX: F2 76 F6 EB 66 FE 95 FF 42 61 AF AF | T:22344 RPD:1
[CH: 50] LEN: 12 | HEX: FA 76 F6 EA 67 FD 95 F7 9E 84 B7 DF | T:22374 RPD:1
[CH: 50] LEN: 12 | HEX: EA 76 EC E9 64 F6 95 FD 6B 8A BF CA | T:22404 RPD:1
[CH: 50] LEN: 12 | HEX: FA 76 FE E8 65 FE 95 F7 37 6F BF 7F | T:22434 RPD:1
[CH: 50] LEN: 12 | HEX: FA 76 FE E7 6A FE 95 FE 86 78 AF DF | T:22464 RPD:1
[CH: 50] LEN: 12 | HEX: F2 76 F6 E6 6B FD 95 EF 5A 9D AF DF | T:22494 RPD:1
[CH: 50] LEN: 12 | HEX: F6 76 FE E5 68 FA 95 F7 2F 93 AF 7F | T:22524 RPD:1
[CH: 50] LEN: 12 | HEX: FA 76 FE E4 69 FE 95 EF A3 76 BF FB | T:22554 RPD:1
[CH: 50] LEN: 12 | HEX: FA 76 FE E3 6E FE 95 EE 85 8E AF FF | T:22584 RPD:1
[CH: 50] LEN: 12 | HEX: F2 76 F6 E2 6F F6 95 EE 99 6A BB 57 | T:22614 RPD:1
[CH: 50] LEN: 12 | HEX: FA 76 FA E1 6C F6 95 F6 EC 64 BF BF | T:22644 RPD:1
[CH: 50] LEN: 12 | HEX: F6 76 FE E0 6D EE 95 EF 70 81 BF DD | T:22674 RPD:1
[CH: 50] LEN: 12 | HEX: FA 76 F6 DF 52 EE 95 F6 21 91 AD F7 | T:22704 RPD:1
[CH: 50] LEN: 12 | HEX: FA 76 F6 FE 73 FC 95 D7 C2 8D AF 7F | T:22734 RPD:1
[CH: 50] LEN: 12 | HEX: F6 76 FE ED 70 FE 95 F7 77 00 BF 77 | T:22738 RPD:1
[CH: 50] LEN: 12 | HEX: FA 76 F4 FC 71 FE 95 F7 6B 65 BF DF | T:22742 RPD:1
[CH: 50] LEN: 12 | HEX: FA 76 F6 EB 76 FA 95 D4 D9 9C BB CD | T:22753 RPD:1
[CH: 50] LEN: 12 | HEX: F2 76 FE FA 77 FA 95 FD 01 79 B7 FD | T:22753 RPD:1
[CH: 50] LEN: 12 | HEX: FA 76 FA E9 74 F6 95 EB 54 77 3F B7 | T:22765 RPD:1
[CH: 50] LEN: 12 | HEX: FA 76 FA F8 75 F4 95 EF 28 92 BD B6 | T:22765 RPD:0
[CH: 50] LEN: 12 | HEX: FA 76 FA E7 72 F4 95 D7 99 85 BF FF | T:22776 RPD:1
[CH: 50] LEN: 12 | HEX: F2 76 EA E6 73 AA 95 DA 45 60 BB FD | T:22776 RPD:1
[CH: 50] LEN: 12 | HEX: FA 76 FE F5 78 FE 95 FF 30 6E AB 77 | T:22796 RPD:1
[CH: 50] LEN: 12 | HEX: FA 76 FE F4 79 FE 95 EE AC 8B BE FF | T:22826 RPD:1
[CH: 50] LEN: 12 | HEX: F2 76 EA E3 7E F4 95 EA 9A 62 AD FB | T:22856 RPD:1
[CH: 50] LEN: 12 | HEX: FA 76 FE F2 7B FE 95 F6 06 97 BF 3B | T:22886 RPD:1
[CH: 50] LEN: 12 | HEX: F2 76 FE F9 74 FE 95 FE F3 99 AE FD | T:22916 RPD:1
[CH: 50] LEN: 12 | HEX: F2 76 FE E0 75 EA 95 FF 6F 7C AF ED | T:22946 RPD:1
[CH: 50] LEN: 12 | HEX: FA 76 FA EF 62 FE 95 EE 81 96 BF 7D | T:22976 RPD:1
[CH: 50] LEN: 12 | HEX: FA 76 FE EE 63 DE 95 D5 1D 73 AE BB | T:23006 RPD:1
[CH: 50] LEN: 12 | HEX: F2 76 FA ED 60 FE 95 FB A8 7D AA DF | T:23036 RPD:1
[CH: 50] LEN: 12 | HEX: F2 76 FE EB 66 FE 95 FF 42 61 AE F5 | T:23096 RPD:1
[CH: 50] LEN: 12 | HEX: FA 76 FE EA 67 F8 95 FF 5E 84 AF FB | T:23126 RPD:1
[CH: 50] LEN: 12 | HEX: FA 76 FA E9 64 FE 95 EF EB 8A AD EF | T:23156 RPD:1
[CH: 50] LEN: 12 | HEX: FA 76 FE E8 65 FE 95 EE B7 6F 3E FF | T:23186 RPD:1
[CH: 50] LEN: 12 | HEX: F6 7E FE E7 6A EA 95 D5 06 70 AF A9 | T:23216 RPD:1
[CH: 50] LEN: 12 | HEX: F2 76 FE E5 68 FE 95 F7 2F 93 B5 7F | T:23276 RPD:1
[CH: 50] LEN: 12 | HEX: FA 76 F6 E4 69 FC 95 FE B3 76 AF FB | T:23306 RPD:1
[CH: 50] LEN: 12 | HEX: FA 76 FE E3 6E F6 95 FF 45 8F 2D AB | T:23336 RPD:1
[CH: 50] LEN: 12 | HEX: FA 76 FE E2 6F F4 95 FD 19 6A AF EB | T:23365 RPD:1
[CH: 50] LEN: 12 | HEX: F2 76 FE E1 6C F6 95 D5 6C 64 AF FD | T:23395 RPD:1
[CH: 50] LEN: 12 | HEX: FA 76 FE E0 6D F6 95 F5 30 81 BE DD | T:23425 RPD:1
[CH: 50] LEN: 12 | HEX: F2 76 FE DE 52 FC 95 DE A1 91 BB FF | T:23455 RPD:1
[CH: 50] LEN: 12 | HEX: F2 76 FE FE 73 FD 95 EE 82 8E A7 DF | T:23485 RPD:1
[CH: 50] LEN: 12 | HEX: FA 76 FE FB 70 FE 95 EE B7 80 AB AA | T:23489 RPD:1
[CH: 50] LEN: 12 | HEX: F2 76 FE FC 71 EE 95 FE EB 65 B7 FF | T:23493 RPD:1
[CH: 50] LEN: 12 | HEX: FA 76 FE F7 76 F6 95 EF 5D 9C AF DF | T:23504 RPD:1
[CH: 50] LEN: 12 | HEX: FA 76 FE FA 77 FA 95 EE 81 79 AE FF | T:23505 RPD:0
[CH: 50] LEN: 12 | HEX: F2 76 FE F9 74 FE 95 FF 74 77 AD ED | T:23516 RPD:1
[CH: 50] LEN: 12 | HEX: F2 76 FB F8 75 F6 95 EE A8 92 BE D5 | T:23516 RPD:0
[CH: 50] LEN: 12 | HEX: FA 76 EA F7 7A F6 95 FF 59 85 AE FF | T:23528 RPD:0
[CH: 50] LEN: 12 | HEX: EA 76 FE F5 78 EA 95 DF 30 6E AE F7 | T:23546 RPD:1
[CH: 50] LEN: 12 | HEX: FA 76 FE F4 79 FE 95 FD 6C 8B BF 57 | T:23576 RPD:1
[CH: 50] LEN: 12 | HEX: F2 76 F4 F3 7D FE 95 FB BA 72 AF FB | T:23606 RPD:1
[CH: 50] LEN: 12 | HEX: F2 76 F7 F2 7F 56 95 ED 06 97 2F DB | T:23636 RPD:1
[CH: 50] LEN: 12 | HEX: F2 76 FA F1 7C F4 95 FE F3 99 AF BF | T:23666 RPD:1
[CH: 50] LEN: 12 | HEX: F2 76 F6 F0 7D DC 95 FF 6F 74 BE EB | T:23696 RPD:1
[CH: 50] LEN: 12 | HEX: F2 76 F6 EF 62 F7 95 FE 01 96 BD FF | T:23726 RPD:1
[CH: 50] LEN: 12 | HEX: EA 76 F6 EE 63 FF 95 FE 9D 73 AF FF | T:23756 RPD:1
[CH: 50] LEN: 12 | HEX: FA 76 FE ED 60 F4 95 EF 68 7D AB 9D | T:23786 RPD:1
[CH: 50] LEN: 12 | HEX: FA 76 FE EC 61 FE 95 EF 74 98 AF EE | T:23816 RPD:1
[CH: 50] LEN: 12 | HEX: F2 76 F6 EB 66 FE 95 FE 42 61 AF 52 | T:23846 RPD:1
[CH: 50] LEN: 12 | HEX: FA 76 F4 EA 67 FC 95 FE 9E 84 BF FD | T:23876 RPD:1
[CH: 50] LEN: 12 | HEX: FA 76 F6 E9 64 F5 95 EA AB 8A BF DD | T:23906 RPD:1
[CH: 50] LEN: 12 | HEX: EA 76 FE E8 65 FF 95 DF 37 6E BF FB | T:23936 RPD:1
[CH: 50] LEN: 12 | HEX: F2 7E F6 E7 6A FE 95 FD 06 78 BE FD | T:23966 RPD:1
[CH: 50] LEN: 12 | HEX: F2 76 FC E6 6B DE 95 DF 5A 9D BD 7F | T:23996 RPD:1
[CH: 50] LEN: 12 | HEX: FA 76 FE E5 68 FE 95 FE 2E 93 BF FF | T:24026 RPD:1
[CH: 50] LEN: 12 | HEX: FA 76 FE E4 69 FE 95 EA B3 76 BF ED | T:24056 RPD:1
[CH: 50] LEN: 12 | HEX: F2 76 FE E3 6E F6 95 FE 85 8F 3F EB | T:24086 RPD:1
[CH: 50] LEN: 12 | HEX: FA 76 FE F2 6F 7C 95 FE 19 6A AD BB | T:24116 RPD:1
[CH: 50] LEN: 12 | HEX: F2 76 F4 E1 6C EE 95 FF 6C 64 BF FF | T:24146 RPD:1
[CH: 50] LEN: 12 | HEX: FA 76 FE E0 6D FE 95 FF 70 81 BB FB | T:24176 RPD:1
[CH: 50] LEN: 12 | HEX: FA 76 FE DF 52 FE 95 FF A1 91 BD FF | T:24206 RPD:1
