# TM102 capture — label=lockon port=/dev/cu.usbserial-0001 started=20260826-071721
ets Jul 29 2019 12:21:46

rst:0x1 (POWERON_RESET),boot:0x13 (SPI_FAST_FLASH_BOOT)
configsip: 0, SPIWP:0xee
clk_drv:0x00,q_drv:0x00,d_drv:0x00,cs0_drv:0x00,hd_drv:0x00,wp_drv:0x00
mode:DIO, clock div:1
load:0x3fff0030,len:4876
ho 0 tail 12 room 4
load:0x40078000,len:16532
load:0x40080400,len:3500
entry 0x400805b4


TM102 sniffer — ESP32 + nRF24L01+PA+LNA — RX ONLY
FIRMWARE v4 (gated capture) 2026-08-26
If this does not say 'v4', the flash did not take.
PHY from FCC LCSA072222029EA: 1 Mbps GFSK, 16 ch, 2420-2465 MHz

=== TM102 sniffer — RX only — v4 (gated capture) 2026-08-26 ===
  f        HUNT: 2.5 s per channel, live. Best way to find the channel.
  w        WATCH one channel live for energy
  s        statistical energy scan (poor fit for bursty traffic)
  b        record current environment as baseline
  d        dump capture on locked channel
  g        toggle the signal gate (default ON: drop static)
  h        hop across all channels while dumping
  x        stop
  c<n>     lock certified channel index n (1-16)
  r<n>     lock raw RF_CH n (0-125)
  a0 / aa  bait address 0x0000 / 0xAAAA
  i        dump radio registers
current: RF_CH 35 (2435 MHz), bait 0000, packets 0

--- radio registers ---
  CONFIG   0x77   CRC off (good), PWR_UP yes, PRIM_RX yes
  EN_AA    0x00   auto-ack disabled (good)
  SETUP_AW 0x00   address width 2 bytes — exploit ACTIVE (good)
  RF_CH    0x23   2435 MHz
  RF_SETUP 0x01   rate 1 Mbps (good)
  bait address: 00 00
-----------------------

============================================================
  SELF-TEST: PASS
  The radio is configured and listening correctly.

  DO THIS NEXT:
    1. Put the board about 1 metre from the controller.
    2. Type  f  and press Enter.
    3. Press General then Clear every ~2 s for 85 seconds.
       It counts down and stops on its own.
    4. It prints ONE table at the end. Send me that.
============================================================
